Component: ARM Compiler 5.06 update 6 (build 750) Tool: armlink [4d35ed]

==============================================================================

Section Cross References

    startup_stm32f103xe.o(RESET) refers to startup_stm32f103xe.o(STACK) for __initial_sp
    startup_stm32f103xe.o(RESET) refers to startup_stm32f103xe.o(.text) for Reset_Handler
    startup_stm32f103xe.o(RESET) refers to stm32f1xx_it.o(i.NMI_Handler) for NMI_Handler
    startup_stm32f103xe.o(RESET) refers to stm32f1xx_it.o(i.HardFault_Handler) for HardFault_Handler
    startup_stm32f103xe.o(RESET) refers to stm32f1xx_it.o(i.MemManage_Handler) for MemManage_Handler
    startup_stm32f103xe.o(RESET) refers to stm32f1xx_it.o(i.BusFault_Handler) for BusFault_Handler
    startup_stm32f103xe.o(RESET) refers to stm32f1xx_it.o(i.UsageFault_Handler) for UsageFault_Handler
    startup_stm32f103xe.o(RESET) refers to stm32f1xx_it.o(i.SVC_Handler) for SVC_Handler
    startup_stm32f103xe.o(RESET) refers to stm32f1xx_it.o(i.DebugMon_Handler) for DebugMon_Handler
    startup_stm32f103xe.o(RESET) refers to stm32f1xx_it.o(i.PendSV_Handler) for PendSV_Handler
    startup_stm32f103xe.o(RESET) refers to stm32f1xx_it.o(i.SysTick_Handler) for SysTick_Handler
    startup_stm32f103xe.o(RESET) refers to stm32f1xx_it.o(i.EXTI0_IRQHandler) for EXTI0_IRQHandler
    startup_stm32f103xe.o(.text) refers to system_stm32f1xx.o(i.SystemInit) for SystemInit
    startup_stm32f103xe.o(.text) refers to entry.o(.ARM.Collect$$$$00000000) for __main
    system_stm32f1xx.o(i.SystemCoreClockUpdate) refers to system_stm32f1xx.o(.data) for SystemCoreClock
    system_stm32f1xx.o(i.SystemCoreClockUpdate) refers to system_stm32f1xx.o(.constdata) for AHBPrescTable
    stm32f1xx_hal.o(i.HAL_DeInit) refers to stm32f1xx_hal.o(i.HAL_MspDeInit) for HAL_MspDeInit
    stm32f1xx_hal.o(i.HAL_Delay) refers to stm32f1xx_hal.o(i.HAL_GetTick) for HAL_GetTick
    stm32f1xx_hal.o(i.HAL_GetTick) refers to stm32f1xx_hal.o(.data) for uwTick
    stm32f1xx_hal.o(i.HAL_IncTick) refers to stm32f1xx_hal.o(.data) for uwTick
    stm32f1xx_hal.o(i.HAL_Init) refers to stm32f1xx_hal_cortex.o(i.HAL_NVIC_SetPriorityGrouping) for HAL_NVIC_SetPriorityGrouping
    stm32f1xx_hal.o(i.HAL_Init) refers to stm32f1xx_hal.o(i.HAL_InitTick) for HAL_InitTick
    stm32f1xx_hal.o(i.HAL_Init) refers to stm32f1xx_hal.o(i.HAL_MspInit) for HAL_MspInit
    stm32f1xx_hal.o(i.HAL_InitTick) refers to stm32f1xx_hal_cortex.o(i.HAL_SYSTICK_Config) for HAL_SYSTICK_Config
    stm32f1xx_hal.o(i.HAL_InitTick) refers to stm32f1xx_hal_cortex.o(i.HAL_NVIC_SetPriority) for HAL_NVIC_SetPriority
    stm32f1xx_hal.o(i.HAL_InitTick) refers to system_stm32f1xx.o(.data) for SystemCoreClock
    stm32f1xx_hal_adc.o(i.ADC_ConversionStop_Disable) refers to stm32f1xx_hal.o(i.HAL_GetTick) for HAL_GetTick
    stm32f1xx_hal_adc.o(i.ADC_DMAConvCplt) refers to stm32f1xx_hal_adc.o(i.HAL_ADC_ConvCpltCallback) for HAL_ADC_ConvCpltCallback
    stm32f1xx_hal_adc.o(i.ADC_DMAError) refers to stm32f1xx_hal_adc.o(i.HAL_ADC_ErrorCallback) for HAL_ADC_ErrorCallback
    stm32f1xx_hal_adc.o(i.ADC_DMAHalfConvCplt) refers to stm32f1xx_hal_adc.o(i.HAL_ADC_ConvHalfCpltCallback) for HAL_ADC_ConvHalfCpltCallback
    stm32f1xx_hal_adc.o(i.ADC_Enable) refers to stm32f1xx_hal.o(i.HAL_GetTick) for HAL_GetTick
    stm32f1xx_hal_adc.o(i.ADC_Enable) refers to system_stm32f1xx.o(.data) for SystemCoreClock
    stm32f1xx_hal_adc.o(i.HAL_ADC_ConfigChannel) refers to system_stm32f1xx.o(.data) for SystemCoreClock
    stm32f1xx_hal_adc.o(i.HAL_ADC_DeInit) refers to stm32f1xx_hal_adc.o(i.ADC_ConversionStop_Disable) for ADC_ConversionStop_Disable
    stm32f1xx_hal_adc.o(i.HAL_ADC_DeInit) refers to stm32f1xx_hal_adc.o(i.HAL_ADC_MspDeInit) for HAL_ADC_MspDeInit
    stm32f1xx_hal_adc.o(i.HAL_ADC_IRQHandler) refers to stm32f1xx_hal_adc.o(i.HAL_ADC_ConvCpltCallback) for HAL_ADC_ConvCpltCallback
    stm32f1xx_hal_adc.o(i.HAL_ADC_IRQHandler) refers to stm32f1xx_hal_adc_ex.o(i.HAL_ADCEx_InjectedConvCpltCallback) for HAL_ADCEx_InjectedConvCpltCallback
    stm32f1xx_hal_adc.o(i.HAL_ADC_IRQHandler) refers to stm32f1xx_hal_adc.o(i.HAL_ADC_LevelOutOfWindowCallback) for HAL_ADC_LevelOutOfWindowCallback
    stm32f1xx_hal_adc.o(i.HAL_ADC_Init) refers to stm32f1xx_hal_adc.o(i.HAL_ADC_MspInit) for HAL_ADC_MspInit
    stm32f1xx_hal_adc.o(i.HAL_ADC_Init) refers to stm32f1xx_hal_adc.o(i.ADC_ConversionStop_Disable) for ADC_ConversionStop_Disable
    stm32f1xx_hal_adc.o(i.HAL_ADC_PollForConversion) refers to stm32f1xx_hal.o(i.HAL_GetTick) for HAL_GetTick
    stm32f1xx_hal_adc.o(i.HAL_ADC_PollForConversion) refers to stm32f1xx_hal_rcc_ex.o(i.HAL_RCCEx_GetPeriphCLKFreq) for HAL_RCCEx_GetPeriphCLKFreq
    stm32f1xx_hal_adc.o(i.HAL_ADC_PollForConversion) refers to system_stm32f1xx.o(.data) for SystemCoreClock
    stm32f1xx_hal_adc.o(i.HAL_ADC_PollForEvent) refers to stm32f1xx_hal.o(i.HAL_GetTick) for HAL_GetTick
    stm32f1xx_hal_adc.o(i.HAL_ADC_Start) refers to stm32f1xx_hal_adc.o(i.ADC_Enable) for ADC_Enable
[...]
    Removing stm32f1xx_ll_sdmmc.o(i.SDMMC_CmdStopTransfer), (60 bytes).
    Removing stm32f1xx_ll_sdmmc.o(i.SDMMC_CmdSwitch), (58 bytes).
    Removing stm32f1xx_ll_sdmmc.o(i.SDMMC_CmdWriteMultiBlock), (58 bytes).
    Removing stm32f1xx_ll_sdmmc.o(i.SDMMC_CmdWriteSingleBlock), (58 bytes).
    Removing stm32f1xx_ll_sdmmc.o(i.SDMMC_GetCmdError), (64 bytes).
    Removing stm32f1xx_ll_sdmmc.o(i.SDMMC_GetCmdResp1), (420 bytes).
    Removing stm32f1xx_ll_sdmmc.o(i.SDMMC_GetCmdResp2), (92 bytes).
    Removing stm32f1xx_ll_sdmmc.o(i.SDMMC_GetCmdResp3), (80 bytes).
    Removing stm32f1xx_ll_sdmmc.o(i.SDMMC_GetCmdResp6), (176 bytes).
    Removing stm32f1xx_ll_sdmmc.o(i.SDMMC_GetCmdResp7), (88 bytes).
    Removing stm32f1xx_ll_usb.o(.rev16_text), (4 bytes).
    Removing stm32f1xx_ll_usb.o(.revsh_text), (4 bytes).
    Removing stm32f1xx_ll_usb.o(.rrx_text), (6 bytes).
    Removing stm32f1xx_ll_usb.o(i.USB_ActivateEndpoint), (938 bytes).
    Removing stm32f1xx_ll_usb.o(i.USB_ActivateRemoteWakeup), (18 bytes).
    Removing stm32f1xx_ll_usb.o(i.USB_ClearInterrupts), (2 bytes).
    Removing stm32f1xx_ll_usb.o(i.USB_CoreInit), (8 bytes).
    Removing stm32f1xx_ll_usb.o(i.USB_DeActivateRemoteWakeup), (18 bytes).
    Removing stm32f1xx_ll_usb.o(i.USB_DeactivateEndpoint), (532 bytes).
    Removing stm32f1xx_ll_usb.o(i.USB_DevConnect), (6 bytes).
    Removing stm32f1xx_ll_usb.o(i.USB_DevDisconnect), (6 bytes).
    Removing stm32f1xx_ll_usb.o(i.USB_DevInit), (30 bytes).
    Removing stm32f1xx_ll_usb.o(i.USB_DisableGlobalInt), (22 bytes).
    Removing stm32f1xx_ll_usb.o(i.USB_EP0_OutStart), (6 bytes).
    Removing stm32f1xx_ll_usb.o(i.USB_EPClearStall), (180 bytes).
    Removing stm32f1xx_ll_usb.o(i.USB_EPSetStall), (134 bytes).
    Removing stm32f1xx_ll_usb.o(i.USB_EPStartXfer), (818 bytes).
    Removing stm32f1xx_ll_usb.o(i.USB_EnableGlobalInt), (22 bytes).
    Removing stm32f1xx_ll_usb.o(i.USB_FlushRxFifo), (6 bytes).
    Removing stm32f1xx_ll_usb.o(i.USB_FlushTxFifo), (6 bytes).
    Removing stm32f1xx_ll_usb.o(i.USB_ReadDevAllInEpInterrupt), (6 bytes).
    Removing stm32f1xx_ll_usb.o(i.USB_ReadDevAllOutEpInterrupt), (6 bytes).
    Removing stm32f1xx_ll_usb.o(i.USB_ReadDevInEPInterrupt), (6 bytes).
    Removing stm32f1xx_ll_usb.o(i.USB_ReadDevOutEPInterrupt), (6 bytes).
    Removing stm32f1xx_ll_usb.o(i.USB_ReadInterrupts), (10 bytes).
    Removing stm32f1xx_ll_usb.o(i.USB_ReadPMA), (40 bytes).
    Removing stm32f1xx_ll_usb.o(i.USB_ReadPacket), (6 bytes).
    Removing stm32f1xx_ll_usb.o(i.USB_SetCurrentMode), (6 bytes).
    Removing stm32f1xx_ll_usb.o(i.USB_SetDevAddress), (14 bytes).
    Removing stm32f1xx_ll_usb.o(i.USB_StopDevice), (22 bytes).
    Removing stm32f1xx_ll_usb.o(i.USB_WritePMA), (66 bytes).
    Removing stm32f1xx_ll_usb.o(i.USB_WritePacket), (8 bytes).
    Removing main.o(.rev16_text), (4 bytes).
    Removing main.o(.revsh_text), (4 bytes).
    Removing main.o(.rrx_text), (6 bytes).
    Removing main.o(i.hal_led_toggle), (20 bytes).
    Removing stm32f1xx_it.o(.rev16_text), (4 bytes).
    Removing stm32f1xx_it.o(.revsh_text), (4 bytes).
    Removing stm32f1xx_it.o(.rrx_text), (6 bytes).
    Removing bsp_led.o(.rev16_text), (4 bytes).
    Removing bsp_led.o(.revsh_text), (4 bytes).
    Removing bsp_led.o(.rrx_text), (6 bytes).
    Removing bsp_debug_usart.o(.rev16_text), (4 bytes).
    Removing bsp_debug_usart.o(.revsh_text), (4 bytes).
    Removing bsp_debug_usart.o(.rrx_text), (6 bytes).
    Removing bsp_debug_usart.o(i.Usart_SendString), (36 bytes).
    Removing bsp_debug_usart.o(i.fgetc), (28 bytes).
    Removing bsp_sdram.o(.rev16_text), (4 bytes).
    Removing bsp_sdram.o(.revsh_text), (4 bytes).
    Removing bsp_sdram.o(.rrx_text), (6 bytes).
    Removing bsp_sdram.o(i.FSMC_SRAM_Init), (108 bytes).
    Removing bsp_sdram.o(i.FSMC_SRAM_MspInit), (228 bytes).
    Removing bsp_sdram.o(i.SRAM_ReadBuffer), (30 bytes).
    Removing bsp_sdram.o(i.SRAM_Test), (368 bytes).
    Removing bsp_sdram.o(i.SRAM_WriteBuffer), (30 bytes).
    Removing bsp_sdram.o(.bss), (96 bytes).
    Removing fonts.o(.rev16_text), (4 bytes).
    Removing fonts.o(.revsh_text), (4 bytes).
    Removing fonts.o(.rrx_text), (6 bytes).
    Removing fonts.o(i.GetGBKCode_from_EXFlash), (84 bytes).
    Removing fonts.o(.data), (1 bytes).
    Removing bsp_ili9341_lcd.o(.rev16_text), (4 bytes).
    Removing bsp_ili9341_lcd.o(.revsh_text), (4 bytes).
    Removing bsp_ili9341_lcd.o(.rrx_text), (6 bytes).
    Removing bsp_ili9341_lcd.o(i.ILI9341_DispChar_CH), (132 bytes).
    Removing bsp_ili9341_lcd.o(i.ILI9341_DispStringLine_EN), (104 bytes).
    Removing bsp_ili9341_lcd.o(i.ILI9341_DispStringLine_EN_CH), (180 bytes).
    Removing bsp_ili9341_lcd.o(i.ILI9341_DispString_CH), (96 bytes).
    Removing bsp_ili9341_lcd.o(i.ILI9341_DispString_EN_CH), (180 bytes).
    Removing bsp_ili9341_lcd.o(i.ILI9341_DispString_EN_CH_YDir), (120 bytes).
    Removing bsp_ili9341_lcd.o(i.ILI9341_DispString_EN_YDir), (104 bytes).
    Removing bsp_ili9341_lcd.o(i.ILI9341_DisplayStringEx), (264 bytes).
    Removing bsp_ili9341_lcd.o(i.ILI9341_DisplayStringEx_YDir), (268 bytes).
    Removing bsp_ili9341_lcd.o(i.ILI9341_DrawChar_Ex), (100 bytes).
    Removing bsp_ili9341_lcd.o(i.ILI9341_DrawCircle), (312 bytes).
    Removing bsp_ili9341_lcd.o(i.ILI9341_DrawLine), (160 bytes).
    Removing bsp_ili9341_lcd.o(i.ILI9341_DrawRectangle), (136 bytes).
    Removing bsp_ili9341_lcd.o(i.ILI9341_GetPointPixel), (24 bytes).
    Removing bsp_ili9341_lcd.o(i.ILI9341_Read_PixelData), (56 bytes).
    Removing bsp_ili9341_lcd.o(i.ILI9341_SetCursor), (20 bytes).
    Removing bsp_ili9341_lcd.o(i.ILI9341_SetPointPixel), (56 bytes).
    Removing bsp_ili9341_lcd.o(i.ILI9341_zoomChar), (388 bytes).
    Removing bsp_ili9341_lcd.o(i.LCD_ClearLine), (32 bytes).
    Removing bsp_ili9341_lcd.o(i.LCD_GetColors), (24 bytes).
    Removing bsp_ili9341_lcd.o(i.LCD_GetFont), (12 bytes).
    Removing bsp_ili9341_lcd.o(i.LCD_SetColors), (20 bytes).
    Removing bsp_ili9341_lcd.o(i.LCD_SetFont), (12 bytes).
    Removing bsp_spi_flash.o(.rev16_text), (4 bytes).
    Removing bsp_spi_flash.o(.revsh_text), (4 bytes).
    Removing bsp_spi_flash.o(.rrx_text), (6 bytes).
    Removing bsp_spi_flash.o(i.HAL_SPI_MspInit), (216 bytes).
    Removing bsp_spi_flash.o(i.SPI_FLASH_BufferRead), (80 bytes).
    Removing bsp_spi_flash.o(i.SPI_FLASH_BufferWrite), (290 bytes).
    Removing bsp_spi_flash.o(i.SPI_FLASH_BulkErase), (36 bytes).
    Removing bsp_spi_flash.o(i.SPI_FLASH_Init), (92 bytes).
    Removing bsp_spi_flash.o(i.SPI_FLASH_PageWrite), (152 bytes).
    Removing bsp_spi_flash.o(i.SPI_FLASH_ReadByte), (10 bytes).
    Removing bsp_spi_flash.o(i.SPI_FLASH_ReadDeviceID), (60 bytes).
    Removing bsp_spi_flash.o(i.SPI_FLASH_ReadID), (76 bytes).
    Removing bsp_spi_flash.o(i.SPI_FLASH_SectorErase), (64 bytes).
    Removing bsp_spi_flash.o(i.SPI_FLASH_SendByte), (120 bytes).
    Removing bsp_spi_flash.o(i.SPI_FLASH_SendHalfWord), (116 bytes).
    Removing bsp_spi_flash.o(i.SPI_FLASH_StartReadSequence), (48 bytes).
    Removing bsp_spi_flash.o(i.SPI_FLASH_WaitForWriteEnd), (84 bytes).
    Removing bsp_spi_flash.o(i.SPI_FLASH_WriteEnable), (28 bytes).
    Removing bsp_spi_flash.o(i.SPI_Flash_PowerDown), (28 bytes).
    Removing bsp_spi_flash.o(i.SPI_Flash_WAKEUP), (28 bytes).
    Removing bsp_spi_flash.o(i.SPI_TIMEOUT_UserCallback), (64 bytes).
    Removing bsp_spi_flash.o(.bss), (88 bytes).
    Removing bsp_spi_flash.o(.data), (4 bytes).
    Removing bootloader_hbc.o(.rev16_text), (4 bytes).
    Removing bootloader_hbc.o(.revsh_text), (4 bytes).
    Removing bootloader_hbc.o(.rrx_text), (6 bytes).
    Removing dadd.o(.text), (334 bytes).
    Removing dmul.o(.text), (228 bytes).
    Removing ddiv.o(.text), (222 bytes).
    Removing dfixul.o(.text), (48 bytes).
    Removing cdrcmple.o(.text), (48 bytes).
    Removing depilogue.o(.text), (186 bytes).

1192 unused section(s) (total 109490 bytes) removed from the image.

==============================================================================

Image Symbol Table

    Local Symbols

    Symbol Name                              Value     Ov Type        Size  Object(Section)

    ../clib/microlib/division.c              0x00000000   Number         0  uidiv.o ABSOLUTE
    ../clib/microlib/division.c              0x00000000   Number         0  uldiv.o ABSOLUTE
    ../clib/microlib/init/entry.s            0x00000000   Number         0  entry2.o ABSOLUTE
    ../clib/microlib/init/entry.s            0x00000000   Number         0  entry9a.o ABSOLUTE
    ../clib/microlib/init/entry.s            0x00000000   Number         0  entry8b.o ABSOLUTE
    ../clib/microlib/init/entry.s            0x00000000   Number         0  entry10b.o ABSOLUTE
    ../clib/microlib/init/entry.s            0x00000000   Number         0  entry8a.o ABSOLUTE
    ../clib/microlib/init/entry.s            0x00000000   Number         0  entry.o ABSOLUTE
    ../clib/microlib/init/entry.s            0x00000000   Number         0  entry9b.o ABSOLUTE
    ../clib/microlib/init/entry.s            0x00000000   Number         0  entry7b.o ABSOLUTE
    ../clib/microlib/init/entry.s            0x00000000   Number         0  entry7a.o ABSOLUTE
    ../clib/microlib/init/entry.s            0x00000000   Number         0  entry11b.o ABSOLUTE
    ../clib/microlib/init/entry.s            0x00000000   Number         0  entry5.o ABSOLUTE
    ../clib/microlib/init/entry.s            0x00000000   Number         0  entry10a.o ABSOLUTE
    ../clib/microlib/init/entry.s            0x00000000   Number         0  entry11a.o ABSOLUTE
    ../clib/microlib/longlong.c              0x00000000   Number         0  llshl.o ABSOLUTE
    ../clib/microlib/longlong.c              0x00000000   Number         0  llushr.o ABSOLUTE
    ../clib/microlib/longlong.c              0x00000000   Number         0  llsshr.o ABSOLUTE
    ../clib/microlib/printf/printf.c         0x00000000   Number         0  printfa.o ABSOLUTE
    ../clib/microlib/printf/printf.c         0x00000000   Number         0  printf7.o ABSOLUTE
    ../clib/microlib/printf/printf.c         0x00000000   Number         0  printfb.o ABSOLUTE
    ../clib/microlib/printf/printf.c         0x00000000   Number         0  printf6.o ABSOLUTE
    ../clib/microlib/printf/printf.c         0x00000000   Number         0  printf4.o ABSOLUTE
    ../clib/microlib/printf/printf.c         0x00000000   Number         0  printf3.o ABSOLUTE
    ../clib/microlib/printf/printf.c         0x00000000   Number         0  printf8.o ABSOLUTE
    ../clib/microlib/printf/printf.c         0x00000000   Number         0  printf2.o ABSOLUTE
    ../clib/microlib/printf/printf.c         0x00000000   Number         0  printf1.o ABSOLUTE
    ../clib/microlib/printf/printf.c         0x00000000   Number         0  printf5.o ABSOLUTE
    ../clib/microlib/printf/printf.c         0x00000000   Number         0  printf0.o ABSOLUTE
    ../clib/microlib/printf/stubs.s          0x00000000   Number         0  stubs.o ABSOLUTE
    ../clib/microlib/stdio/streams.c         0x00000000   Number         0  stdout.o ABSOLUTE
    ../clib/microlib/string/memcpy.c         0x00000000   Number         0  memcpya.o ABSOLUTE
    ../clib/microlib/string/memcpy.c         0x00000000   Number         0  memcpyb.o ABSOLUTE
    ../clib/microlib/string/memset.c         0x00000000   Number         0  memseta.o ABSOLUTE
    ../clib/microlib/stubs.s                 0x00000000   Number         0  iusefp.o ABSOLUTE
    ../fplib/microlib/fpadd.c                0x00000000   Number         0  dadd.o ABSOLUTE
    ../fplib/microlib/fpdiv.c                0x00000000   Number         0  ddiv.o ABSOLUTE
    ../fplib/microlib/fpepilogue.c           0x00000000   Number         0  depilogue.o ABSOLUTE
    ../fplib/microlib/fpfix.c                0x00000000   Number         0  dfixul.o ABSOLUTE
    ../fplib/microlib/fpmul.c                0x00000000   Number         0  dmul.o ABSOLUTE
    ..\..\..\firmware\common\vm_core.c       0x00000000   Number         0  vm_core.o ABSOLUTE
    ..\..\..\firmware\stm32f103\Core\Src\bootloader_hbc.c 0x00000000   Number         0  bootloader_hbc.o ABSOLUTE
    ..\..\..\firmware\stm32f103\Core\Src\vm_program_data.c 0x00000000   Number         0  vm_program_data.o ABSOLUTE
    ..\Libraries\CMSIS\Device\ST\STM32F1xx\Source\Templates\arm\startup_stm32f103xe.s 0x00000000   Number         0  startup_stm32f103xe.o ABSOLUTE
    ..\Libraries\CMSIS\Device\ST\STM32F1xx\Source\Templates\system_stm32f1xx.c 0x00000000   Number         0  system_stm32f1xx.o ABSOLUTE
    ..\Libraries\STM32F1xx_HAL_Driver\Src\stm32f1xx_hal.c 0x00000000   Number         0  stm32f1xx_hal.o ABSOLUTE
    ..\Libraries\STM32F1xx_HAL_Driver\Src\stm32f1xx_hal_adc.c 0x00000000   Number         0  stm32f1xx_hal_adc.o ABSOLUTE
    ..\Libraries\STM32F1xx_HAL_Driver\Src\stm32f1xx_hal_adc_ex.c 0x00000000   Number         0  stm32f1xx_hal_adc_ex.o ABSOLUTE
    ..\Libraries\STM32F1xx_HAL_Driver\Src\stm32f1xx_hal_can.c 0x00000000   Number         0  stm32f1xx_hal_can.o ABSOLUTE
    ..\Libraries\STM32F1xx_HAL_Driver\Src\stm32f1xx_hal_cec.c 0x00000000   Number         0  stm32f1xx_hal_cec.o ABSOLUTE
    ..\Libraries\STM32F1xx_HAL_Driver\Src\stm32f1xx_hal_cortex.c 0x00000000   Number         0  stm32f1xx_hal_cortex.o ABSOLUTE
    ..\Libraries\STM32F1xx_HAL_Driver\Src\stm32f1xx_hal_crc.c 0x00000000   Number         0  stm32f1xx_hal_crc.o ABSOLUTE
    ..\Libraries\STM32F1xx_HAL_Driver\Src\stm32f1xx_hal_dac.c 0x00000000   Number         0  stm32f1xx_hal_dac.o ABSOLUTE
    ..\Libraries\STM32F1xx_HAL_Driver\Src\stm32f1xx_hal_dac_ex.c 0x00000000   Number         0  stm32f1xx_hal_dac_ex.o ABSOLUTE
    ..\Libraries\STM32F1xx_HAL_Driver\Src\stm32f1xx_hal_dma.c 0x00000000   Number         0  stm32f1xx_hal_dma.o ABSOLUTE
    ..\Libraries\STM32F1xx_HAL_Driver\Src\stm32f1xx_hal_eth.c 0x00000000   Number         0  stm32f1xx_hal_eth.o ABSOLUTE
    ..\Libraries\STM32F1xx_HAL_Driver\Src\stm32f1xx_hal_flash.c 0x00000000   Number         0  stm32f1xx_hal_flash.o ABSOLUTE
    ..\Libraries\STM32F1xx_HAL_Driver\Src\stm32f1xx_hal_flash_ex.c 0x00000000   Number         0  stm32f1xx_hal_flash_ex.o ABSOLUTE
    ..\Libraries\STM32F1xx_HAL_Driver\Src\stm32f1xx_hal_gpio.c 0x00000000   Number         0  stm32f1xx_hal_gpio.o ABSOLUTE
    ..\Libraries\STM32F1xx_HAL_Driver\Src\stm32f1xx_hal_gpio_ex.c 0x00000000   Number         0  stm32f1xx_hal_gpio_ex.o ABSOLUTE
    ..\Libraries\STM32F1xx_HAL_Driver\Src\stm32f1xx_hal_hcd.c 0x00000000   Number         0  stm32f1xx_hal_hcd.o ABSOLUTE
    ..\Libraries\STM32F1xx_HAL_Driver\Src\stm32f1xx_hal_i2c.c 0x00000000   Number         0  stm32f1xx_hal_i2c.o ABSOLUTE
    ..\Libraries\STM32F1xx_HAL_Driver\Src\stm32f1xx_hal_i2s.c 0x00000000   Number         0  stm32f1xx_hal_i2s.o ABSOLUTE
    ..\Libraries\STM32F1xx_HAL_Driver\Src\stm32f1xx_hal_irda.c 0x00000000   Number         0  stm32f1xx_hal_irda.o ABSOLUTE
    ..\Libraries\STM32F1xx_HAL_Driver\Src\stm32f1xx_hal_iwdg.c 0x00000000   Number         0  stm32f1xx_hal_iwdg.o ABSOLUTE
    ..\Libraries\STM32F1xx_HAL_Driver\Src\stm32f1xx_hal_mmc.c 0x00000000   Number         0  stm32f1xx_hal_mmc.o ABSOLUTE
    ..\Libraries\STM32F1xx_HAL_Driver\Src\stm32f1xx_hal_nand.c 0x00000000   Number         0  stm32f1xx_hal_nand.o ABSOLUTE
    ..\Libraries\STM32F1xx_HAL_Driver\Src\stm32f1xx_hal_nor.c 0x00000000   Number         0  stm32f1xx_hal_nor.o ABSOLUTE
    ..\Libraries\STM32F1xx_HAL_Driver\Src\stm32f1xx_hal_pccard.c 0x00000000   Number         0  stm32f1xx_hal_pccard.o ABSOLUTE
    ..\Libraries\STM32F1xx_HAL_Driver\Src\stm32f1xx_hal_pcd.c 0x00000000   Number         0  stm32f1xx_hal_pcd.o ABSOLUTE
    ..\Libraries\STM32F1xx_HAL_Driver\Src\stm32f1xx_hal_pcd_ex.c 0x00000000   Number         0  stm32f1xx_hal_pcd_ex.o ABSOLUTE
    ..\Libraries\STM32F1xx_HAL_Driver\Src\stm32f1xx_hal_pwr.c 0x00000000   Number         0  stm32f1xx_hal_pwr.o ABSOLUTE
    ..\Libraries\STM32F1xx_HAL_Driver\Src\stm32f1xx_hal_rcc.c 0x00000000   Number         0  stm32f1xx_hal_rcc.o ABSOLUTE
    ..\Libraries\STM32F1xx_HAL_Driver\Src\stm32f1xx_hal_rcc_ex.c 0x00000000   Number         0  stm32f1xx_hal_rcc_ex.o ABSOLUTE
    ..\Libraries\STM32F1xx_HAL_Driver\Src\stm32f1xx_hal_rtc.c 0x00000000   Number         0  stm32f1xx_hal_rtc.o ABSOLUTE
    ..\Libraries\STM32F1xx_HAL_Driver\Src\stm32f1xx_hal_rtc_ex.c 0x00000000   Number         0  stm32f1xx_hal_rtc_ex.o ABSOLUTE
    ..\Libraries\STM32F1xx_HAL_Driver\Src\stm32f1xx_hal_sd.c 0x00000000   Number         0  stm32f1xx_hal_sd.o ABSOLUTE
    ..\Libraries\STM32F1xx_HAL_Driver\Src\stm32f1xx_hal_smartcard.c 0x00000000   Number         0  stm32f1xx_hal_smartcard.o ABSOLUTE
    ..\Libraries\STM32F1xx_HAL_Driver\Src\stm32f1xx_hal_spi.c 0x00000000   Number         0  stm32f1xx_hal_spi.o ABSOLUTE
    ..\Libraries\STM32F1xx_HAL_Driver\Src\stm32f1xx_hal_spi_ex.c 0x00000000   Number         0  stm32f1xx_hal_spi_ex.o ABSOLUTE
    ..\Libraries\STM32F1xx_HAL_Driver\Src\stm32f1xx_hal_sram.c 0x00000000   Number         0  stm32f1xx_hal_sram.o ABSOLUTE
    ..\Libraries\STM32F1xx_HAL_Driver\Src\stm32f1xx_hal_tim.c 0x00000000   Number         0  stm32f1xx_hal_tim.o ABSOLUTE
    ..\Libraries\STM32F1xx_HAL_Driver\Src\stm32f1xx_hal_tim_ex.c 0x00000000   Number         0  stm32f1xx_hal_tim_ex.o ABSOLUTE
    ..\Libraries\STM32F1xx_HAL_Driver\Src\stm32f1xx_hal_uart.c 0x00000000   Number         0  stm32f1xx_hal_uart.o ABSOLUTE
    ..\Libraries\STM32F1xx_HAL_Driver\Src\stm32f1xx_hal_usart.c 0x00000000   Number         0  stm32f1xx_hal_usart.o ABSOLUTE
    ..\Libraries\STM32F1xx_HAL_Driver\Src\stm32f1xx_hal_wwdg.c 0x00000000   Number         0  stm32f1xx_hal_wwdg.o ABSOLUTE
    ..\Libraries\STM32F1xx_HAL_Driver\Src\stm32f1xx_ll_fsmc.c 0x00000000   Number         0  stm32f1xx_ll_fsmc.o ABSOLUTE
    ..\Libraries\STM32F1xx_HAL_Driver\Src\stm32f1xx_ll_sdmmc.c 0x00000000   Number         0  stm32f1xx_ll_sdmmc.o ABSOLUTE
    ..\Libraries\STM32F1xx_HAL_Driver\Src\stm32f1xx_ll_usb.c 0x00000000   Number         0  stm32f1xx_ll_usb.o ABSOLUTE
    ..\User\flash\bsp_spi_flash.c            0x00000000   Number         0  bsp_spi_flash.o ABSOLUTE
    ..\User\font\fonts.c                     0x00000000   Number         0  fonts.o ABSOLUTE
    ..\User\lcd\bsp_ili9341_lcd.c            0x00000000   Number         0  bsp_ili9341_lcd.o ABSOLUTE
    ..\User\led\bsp_led.c                    0x00000000   Number         0  bsp_led.o ABSOLUTE
    ..\User\main.c                           0x00000000   Number         0  main.o ABSOLUTE
    ..\User\sdram\bsp_sdram.c                0x00000000   Number         0  bsp_sdram.o ABSOLUTE
    ..\User\stm32f1xx_it.c                   0x00000000   Number         0  stm32f1xx_it.o ABSOLUTE
    ..\User\usart\bsp_debug_usart.c          0x00000000   Number         0  bsp_debug_usart.o ABSOLUTE
    ..\\..\\..\\firmware\\stm32f103\\Core\\Src\\bootloader_hbc.c 0x00000000   Number         0  bootloader_hbc.o ABSOLUTE
    ..\\Libraries\\CMSIS\\Device\\ST\\STM32F1xx\\Source\\Templates\\system_stm32f1xx.c 0x00000000   Number         0  system_stm32f1xx.o ABSOLUTE
    ..\\Libraries\\STM32F1xx_HAL_Driver\\Src\\stm32f1xx_hal.c 0x00000000   Number         0  stm32f1xx_hal.o ABSOLUTE
    ..\\Libraries\\STM32F1xx_HAL_Driver\\Src\\stm32f1xx_hal_adc.c 0x00000000   Number         0  stm32f1xx_hal_adc.o ABSOLUTE
    ..\\Libraries\\STM32F1xx_HAL_Driver\\Src\\stm32f1xx_hal_adc_ex.c 0x00000000   Number         0  stm32f1xx_hal_adc_ex.o ABSOLUTE
    ..\\Libraries\\STM32F1xx_HAL_Driver\\Src\\stm32f1xx_hal_can.c 0x00000000   Number         0  stm32f1xx_hal_can.o ABSOLUTE
    ..\\Libraries\\STM32F1xx_HAL_Driver\\Src\\stm32f1xx_hal_cec.c 0x00000000   Number         0  stm32f1xx_hal_cec.o ABSOLUTE
    ..\\Libraries\\STM32F1xx_HAL_Driver\\Src\\stm32f1xx_hal_cortex.c 0x00000000   Number         0  stm32f1xx_hal_cortex.o ABSOLUTE
    ..\\Libraries\\STM32F1xx_HAL_Driver\\Src\\stm32f1xx_hal_crc.c 0x00000000   Number         0  stm32f1xx_hal_crc.o ABSOLUTE
    ..\\Libraries\\STM32F1xx_HAL_Driver\\Src\\stm32f1xx_hal_dac.c 0x00000000   Number         0  stm32f1xx_hal_dac.o ABSOLUTE
    ..\\Libraries\\STM32F1xx_HAL_Driver\\Src\\stm32f1xx_hal_dac_ex.c 0x00000000   Number         0  stm32f1xx_hal_dac_ex.o ABSOLUTE
    ..\\Libraries\\STM32F1xx_HAL_Driver\\Src\\stm32f1xx_hal_dma.c 0x00000000   Number         0  stm32f1xx_hal_dma.o ABSOLUTE
    ..\\Libraries\\STM32F1xx_HAL_Driver\\Src\\stm32f1xx_hal_eth.c 0x00000000   Number         0  stm32f1xx_hal_eth.o ABSOLUTE
    ..\\Libraries\\STM32F1xx_HAL_Driver\\Src\\stm32f1xx_hal_flash.c 0x00000000   Number         0  stm32f1xx_hal_flash.o ABSOLUTE
    ..\\Libraries\\STM32F1xx_HAL_Driver\\Src\\stm32f1xx_hal_flash_ex.c 0x00000000   Number         0  stm32f1xx_hal_flash_ex.o ABSOLUTE
    ..\\Libraries\\STM32F1xx_HAL_Driver\\Src\\stm32f1xx_hal_gpio.c 0x00000000   Number         0  stm32f1xx_hal_gpio.o ABSOLUTE
    ..\\Libraries\\STM32F1xx_HAL_Driver\\Src\\stm32f1xx_hal_gpio_ex.c 0x00000000   Number         0  stm32f1xx_hal_gpio_ex.o ABSOLUTE
    ..\\Libraries\\STM32F1xx_HAL_Driver\\Src\\stm32f1xx_hal_hcd.c 0x00000000   Number         0  stm32f1xx_hal_hcd.o ABSOLUTE
    ..\\Libraries\\STM32F1xx_HAL_Driver\\Src\\stm32f1xx_hal_i2c.c 0x00000000   Number         0  stm32f1xx_hal_i2c.o ABSOLUTE
    ..\\Libraries\\STM32F1xx_HAL_Driver\\Src\\stm32f1xx_hal_i2s.c 0x00000000   Number         0  stm32f1xx_hal_i2s.o ABSOLUTE
    ..\\Libraries\\STM32F1xx_HAL_Driver\\Src\\stm32f1xx_hal_irda.c 0x00000000   Number         0  stm32f1xx_hal_irda.o ABSOLUTE
    ..\\Libraries\\STM32F1xx_HAL_Driver\\Src\\stm32f1xx_hal_iwdg.c 0x00000000   Number         0  stm32f1xx_hal_iwdg.o ABSOLUTE
    ..\\Libraries\\STM32F1xx_HAL_Driver\\Src\\stm32f1xx_hal_mmc.c 0x00000000   Number         0  stm32f1xx_hal_mmc.o ABSOLUTE
    ..\\Libraries\\STM32F1xx_HAL_Driver\\Src\\stm32f1xx_hal_nand.c 0x00000000   Number         0  stm32f1xx_hal_nand.o ABSOLUTE
    ..\\Libraries\\STM32F1xx_HAL_Driver\\Src\\stm32f1xx_hal_nor.c 0x00000000   Number         0  stm32f1xx_hal_nor.o ABSOLUTE
    ..\\Libraries\\STM32F1xx_HAL_Driver\\Src\\stm32f1xx_hal_pccard.c 0x00000000   Number         0  stm32f1xx_hal_pccard.o ABSOLUTE
    ..\\Libraries\\STM32F1xx_HAL_Driver\\Src\\stm32f1xx_hal_pcd.c 0x00000000   Number         0  stm32f1xx_hal_pcd.o ABSOLUTE
    ..\\Libraries\\STM32F1xx_HAL_Driver\\Src\\stm32f1xx_hal_pcd_ex.c 0x00000000   Number         0  stm32f1xx_hal_pcd_ex.o ABSOLUTE
    ..\\Libraries\\STM32F1xx_HAL_Driver\\Src\\stm32f1xx_hal_pwr.c 0x00000000   Number         0  stm32f1xx_hal_pwr.o ABSOLUTE
    ..\\Libraries\\STM32F1xx_HAL_Driver\\Src\\stm32f1xx_hal_rcc.c 0x00000000   Number         0  stm32f1xx_hal_rcc.o ABSOLUTE
    ..\\Libraries\\STM32F1xx_HAL_Driver\\Src\\stm32f1xx_hal_rcc_ex.c 0x00000000   Number         0  stm32f1xx_hal_rcc_ex.o ABSOLUTE
    ..\\Libraries\\STM32F1xx_HAL_Driver\\Src\\stm32f1xx_hal_rtc.c 0x00000000   Number         0  stm32f1xx_hal_rtc.o ABSOLUTE
    ..\\Libraries\\STM32F1xx_HAL_Driver\\Src\\stm32f1xx_hal_rtc_ex.c 0x00000000   Number         0  stm32f1xx_hal_rtc_ex.o ABSOLUTE
    ..\\Libraries\\STM32F1xx_HAL_Driver\\Src\\stm32f1xx_hal_sd.c 0x00000000   Number         0  stm32f1xx_hal_sd.o ABSOLUTE
    ..\\Libraries\\STM32F1xx_HAL_Driver\\Src\\stm32f1xx_hal_smartcard.c 0x00000000   Number         0  stm32f1xx_hal_smartcard.o ABSOLUTE
    ..\\Libraries\\STM32F1xx_HAL_Driver\\Src\\stm32f1xx_hal_spi.c 0x00000000   Number         0  stm32f1xx_hal_spi.o ABSOLUTE
    ..\\Libraries\\STM32F1xx_HAL_Driver\\Src\\stm32f1xx_hal_spi_ex.c 0x00000000   Number         0  stm32f1xx_hal_spi_ex.o ABSOLUTE
    ..\\Libraries\\STM32F1xx_HAL_Driver\\Src\\stm32f1xx_hal_sram.c 0x00000000   Number         0  stm32f1xx_hal_sram.o ABSOLUTE
    ..\\Libraries\\STM32F1xx_HAL_Driver\\Src\\stm32f1xx_hal_tim.c 0x00000000   Number         0  stm32f1xx_hal_tim.o ABSOLUTE
    ..\\Libraries\\STM32F1xx_HAL_Driver\\Src\\stm32f1xx_hal_tim_ex.c 0x00000000   Number         0  stm32f1xx_hal_tim_ex.o ABSOLUTE
    ..\\Libraries\\STM32F1xx_HAL_Driver\\Src\\stm32f1xx_hal_uart.c 0x00000000   Number         0  stm32f1xx_hal_uart.o ABSOLUTE
    ..\\Libraries\\STM32F1xx_HAL_Driver\\Src\\stm32f1xx_hal_usart.c 0x00000000   Number         0  stm32f1xx_hal_usart.o ABSOLUTE
    ..\\Libraries\\STM32F1xx_HAL_Driver\\Src\\stm32f1xx_hal_wwdg.c 0x00000000   Number         0  stm32f1xx_hal_wwdg.o ABSOLUTE
    ..\\Libraries\\STM32F1xx_HAL_Driver\\Src\\stm32f1xx_ll_fsmc.c 0x00000000   Number         0  stm32f1xx_ll_fsmc.o ABSOLUTE
    ..\\Libraries\\STM32F1xx_HAL_Driver\\Src\\stm32f1xx_ll_sdmmc.c 0x00000000   Number         0  stm32f1xx_ll_sdmmc.o ABSOLUTE
    ..\\Libraries\\STM32F1xx_HAL_Driver\\Src\\stm32f1xx_ll_usb.c 0x00000000   Number         0  stm32f1xx_ll_usb.o ABSOLUTE
    ..\\User\\flash\\bsp_spi_flash.c         0x00000000   Number         0  bsp_spi_flash.o ABSOLUTE
    ..\\User\\font\\fonts.c                  0x00000000   Number         0  fonts.o ABSOLUTE
    ..\\User\\lcd\\bsp_ili9341_lcd.c         0x00000000   Number         0  bsp_ili9341_lcd.o ABSOLUTE
    ..\\User\\led\\bsp_led.c                 0x00000000   Number         0  bsp_led.o ABSOLUTE
    ..\\User\\main.c                         0x00000000   Number         0  main.o ABSOLUTE
    ..\\User\\sdram\\bsp_sdram.c             0x00000000   Number         0  bsp_sdram.o ABSOLUTE
    ..\\User\\stm32f1xx_it.c                 0x00000000   Number         0  stm32f1xx_it.o ABSOLUTE
    ..\\User\\usart\\bsp_debug_usart.c       0x00000000   Number         0  bsp_debug_usart.o ABSOLUTE
    cdrcmple.s                               0x00000000   Number         0  cdrcmple.o ABSOLUTE
    dc.s                                     0x00000000   Number         0  dc.o ABSOLUTE
    handlers.s                               0x00000000   Number         0  handlers.o ABSOLUTE
    init.s                                   0x00000000   Number         0  init.o ABSOLUTE
    RESET                                    0x08000000   Section      304  startup_stm32f103xe.o(RESET)
    .ARM.Collect$$$$00000000                 0x08000130   Section        0  entry.o(.ARM.Collect$$$$00000000)
    .ARM.Collect$$$$00000001                 0x08000130   Section        4  entry2.o(.ARM.Collect$$$$00000001)
    .ARM.Collect$$$$00000004                 0x08000134   Section        4  entry5.o(.ARM.Collect$$$$00000004)
    .ARM.Collect$$$$00000008                 0x08000138   Section        0  entry7b.o(.ARM.Collect$$$$00000008)
    .ARM.Collect$$$$0000000A                 0x08000138   Section        0  entry8b.o(.ARM.Collect$$$$0000000A)
    .ARM.Collect$$$$0000000B                 0x08000138   Section        8  entry9a.o(.ARM.Collect$$$$0000000B)
    .ARM.Collect$$$$0000000D                 0x08000140   Section        0  entry10a.o(.ARM.Collect$$$$0000000D)
    .ARM.Collect$$$$0000000F                 0x08000140   Section        0  entry11a.o(.ARM.Collect$$$$0000000F)
    .ARM.Collect$$$$00002712                 0x08000140   Section        4  entry2.o(.ARM.Collect$$$$00002712)
    __lit__00000000                          0x08000140   Data           4  entry2.o(.ARM.Collect$$$$00002712)
    .text                                    0x08000144   Section       36  startup_stm32f103xe.o(.text)
    .text                                    0x08000168   Section        0  llushr.o(.text)
    .text                                    0x08000188   Section        0  memcpya.o(.text)
    .text                                    0x080001ac   Section        0  memseta.o(.text)
    .text                                    0x080001d0   Section        0  uidiv.o(.text)
    .text                                    0x080001fc   Section       36  init.o(.text)
    i.BusFault_Handler                       0x08000220   Section        0  stm32f1xx_it.o(i.BusFault_Handler)
    i.DEBUG_USART_Config                     0x08000224   Section        0  bsp_debug_usart.o(i.DEBUG_USART_Config)
    i.DebugMon_Handler                       0x08000250   Section        0  stm32f1xx_it.o(i.DebugMon_Handler)
    i.EXTI0_IRQHandler                       0x08000252   Section        0  stm32f1xx_it.o(i.EXTI0_IRQHandler)
    i.FLASH_MassErase                        0x08000254   Section        0  stm32f1xx_hal_flash_ex.o(i.FLASH_MassErase)
    FLASH_MassErase                          0x08000255   Thumb Code    30  stm32f1xx_hal_flash_ex.o(i.FLASH_MassErase)
    i.FLASH_PageErase                        0x0800027c   Section        0  stm32f1xx_hal_flash_ex.o(i.FLASH_PageErase)
    i.FLASH_Program_HalfWord                 0x080002a4   Section        0  stm32f1xx_hal_flash.o(i.FLASH_Program_HalfWord)
    FLASH_Program_HalfWord                   0x080002a5   Thumb Code    22  stm32f1xx_hal_flash.o(i.FLASH_Program_HalfWord)
    i.FLASH_SetErrorCode                     0x080002c4   Section        0  stm32f1xx_hal_flash.o(i.FLASH_SetErrorCode)
    FLASH_SetErrorCode                       0x080002c5   Thumb Code   124  stm32f1xx_hal_flash.o(i.FLASH_SetErrorCode)
    i.FLASH_WaitForLastOperation             0x08000348   Section        0  stm32f1xx_hal_flash.o(i.FLASH_WaitForLastOperation)
    i.FSMC_NORSRAM_Extended_Timing_Init      0x080003b8   Section        0  stm32f1xx_ll_fsmc.o(i.FSMC_NORSRAM_Extended_Timing_Init)
    i.FSMC_NORSRAM_Init                      0x080003fc   Section        0  stm32f1xx_ll_fsmc.o(i.FSMC_NORSRAM_Init)
    i.FSMC_NORSRAM_Timing_Init               0x080004a4   Section        0  stm32f1xx_ll_fsmc.o(i.FSMC_NORSRAM_Timing_Init)
    i.HAL_Delay                              0x080004e6   Section        0  stm32f1xx_hal.o(i.HAL_Delay)
    i.HAL_FLASHEx_Erase                      0x08000504   Section        0  stm32f1xx_hal_flash_ex.o(i.HAL_FLASHEx_Erase)
    i.HAL_FLASH_Lock                         0x080005b4   Section        0  stm32f1xx_hal_flash.o(i.HAL_FLASH_Lock)
    i.HAL_FLASH_Program                      0x080005c8   Section        0  stm32f1xx_hal_flash.o(i.HAL_FLASH_Program)
    i.HAL_FLASH_Unlock                       0x08000678   Section        0  stm32f1xx_hal_flash.o(i.HAL_FLASH_Unlock)
    i.HAL_GPIO_Init                          0x080006a4   Section        0  stm32f1xx_hal_gpio.o(i.HAL_GPIO_Init)
    i.HAL_GPIO_ReadPin                       0x080009e4   Section        0  stm32f1xx_hal_gpio.o(i.HAL_GPIO_ReadPin)
    i.HAL_GetTick                            0x080009f4   Section        0  stm32f1xx_hal.o(i.HAL_GetTick)
    i.HAL_IncTick                            0x08000a00   Section        0  stm32f1xx_hal.o(i.HAL_IncTick)
    i.HAL_Init                               0x08000a10   Section        0  stm32f1xx_hal.o(i.HAL_Init)
    i.HAL_InitTick                           0x08000a38   Section        0  stm32f1xx_hal.o(i.HAL_InitTick)
    i.HAL_MspInit                            0x08000a60   Section        0  stm32f1xx_hal.o(i.HAL_MspInit)
    i.HAL_NVIC_SetPriority                   0x08000a62   Section        0  stm32f1xx_hal_cortex.o(i.HAL_NVIC_SetPriority)
    i.HAL_NVIC_SetPriorityGrouping           0x08000ae0   Section        0  stm32f1xx_hal_cortex.o(i.HAL_NVIC_SetPriorityGrouping)
    i.HAL_RCC_ClockConfig                    0x08000b08   Section        0  stm32f1xx_hal_rcc.o(i.HAL_RCC_ClockConfig)
    i.HAL_RCC_GetHCLKFreq                    0x08000cac   Section        0  stm32f1xx_hal_rcc.o(i.HAL_RCC_GetHCLKFreq)
    i.HAL_RCC_GetPCLK1Freq                   0x08000cb8   Section        0  stm32f1xx_hal_rcc.o(i.HAL_RCC_GetPCLK1Freq)
    i.HAL_RCC_GetPCLK2Freq                   0x08000cd8   Section        0  stm32f1xx_hal_rcc.o(i.HAL_RCC_GetPCLK2Freq)
    i.HAL_RCC_GetSysClockFreq                0x08000cf8   Section        0  stm32f1xx_hal_rcc.o(i.HAL_RCC_GetSysClockFreq)
    i.HAL_RCC_OscConfig                      0x08000d90   Section        0  stm32f1xx_hal_rcc.o(i.HAL_RCC_OscConfig)
    i.HAL_SRAM_Init                          0x080011d0   Section        0  stm32f1xx_hal_sram.o(i.HAL_SRAM_Init)
    i.HAL_SRAM_MspInit                       0x08001228   Section        0  stm32f1xx_hal_sram.o(i.HAL_SRAM_MspInit)
    i.HAL_SYSTICK_Config                     0x0800122a   Section        0  stm32f1xx_hal_cortex.o(i.HAL_SYSTICK_Config)
    i.HAL_UART_Init                          0x0800125e   Section        0  stm32f1xx_hal_uart.o(i.HAL_UART_Init)
    i.HAL_UART_MspInit                       0x080012d0   Section        0  bsp_debug_usart.o(i.HAL_UART_MspInit)
    i.HAL_UART_Receive                       0x0800135c   Section        0  stm32f1xx_hal_uart.o(i.HAL_UART_Receive)
    i.HAL_UART_Transmit                      0x0800143a   Section        0  stm32f1xx_hal_uart.o(i.HAL_UART_Transmit)
    i.HardFault_Handler                      0x08001510   Section        0  stm32f1xx_it.o(i.HardFault_Handler)
    i.ILI9341_BackLed_Control                0x08001514   Section        0  bsp_ili9341_lcd.o(i.ILI9341_BackLed_Control)
    i.ILI9341_Clear                          0x08001530   Section        0  bsp_ili9341_lcd.o(i.ILI9341_Clear)
    i.ILI9341_Delay                          0x0800155c   Section        0  bsp_ili9341_lcd.o(i.ILI9341_Delay)
    ILI9341_Delay                            0x0800155d   Thumb Code    18  bsp_ili9341_lcd.o(i.ILI9341_Delay)
    i.ILI9341_DispChar_EN                    0x08001570   Section        0  bsp_ili9341_lcd.o(i.ILI9341_DispChar_EN)
    i.ILI9341_DispString_EN                  0x08001608   Section        0  bsp_ili9341_lcd.o(i.ILI9341_DispString_EN)
    i.ILI9341_FSMC_Config                    0x08001670   Section        0  bsp_ili9341_lcd.o(i.ILI9341_FSMC_Config)
    ILI9341_FSMC_Config                      0x08001671   Thumb Code   100  bsp_ili9341_lcd.o(i.ILI9341_FSMC_Config)
    i.ILI9341_FillColor                      0x080016e0   Section        0  bsp_ili9341_lcd.o(i.ILI9341_FillColor)
    ILI9341_FillColor                        0x080016e1   Thumb Code    32  bsp_ili9341_lcd.o(i.ILI9341_FillColor)
    i.ILI9341_GPIO_Config                    0x08001700   Section        0  bsp_ili9341_lcd.o(i.ILI9341_GPIO_Config)
    ILI9341_GPIO_Config                      0x08001701   Thumb Code   180  bsp_ili9341_lcd.o(i.ILI9341_GPIO_Config)
    i.ILI9341_GramScan                       0x080017c0   Section        0  bsp_ili9341_lcd.o(i.ILI9341_GramScan)
    i.ILI9341_Init                           0x080018a0   Section        0  bsp_ili9341_lcd.o(i.ILI9341_Init)
    i.ILI9341_OpenWindow                     0x080018c8   Section        0  bsp_ili9341_lcd.o(i.ILI9341_OpenWindow)
    i.ILI9341_REG_Config                     0x08001928   Section        0  bsp_ili9341_lcd.o(i.ILI9341_REG_Config)
    ILI9341_REG_Config                       0x08001929   Thumb Code  1098  bsp_ili9341_lcd.o(i.ILI9341_REG_Config)
    i.ILI9341_ReadID                         0x08001d78   Section        0  bsp_ili9341_lcd.o(i.ILI9341_ReadID)
    i.ILI9341_Read_Data                      0x08001de8   Section        0  bsp_ili9341_lcd.o(i.ILI9341_Read_Data)
    i.ILI9341_Rst                            0x08001df4   Section        0  bsp_ili9341_lcd.o(i.ILI9341_Rst)
    i.ILI9341_Write_Cmd                      0x08001e1c   Section        0  bsp_ili9341_lcd.o(i.ILI9341_Write_Cmd)
    i.ILI9341_Write_Data                     0x08001e24   Section        0  bsp_ili9341_lcd.o(i.ILI9341_Write_Data)
    i.LCD_SetBackColor                       0x08001e30   Section        0  bsp_ili9341_lcd.o(i.LCD_SetBackColor)
    i.LCD_SetTextColor                       0x08001e3c   Section        0  bsp_ili9341_lcd.o(i.LCD_SetTextColor)
    i.LED_GPIO_Config                        0x08001e48   Section        0  bsp_led.o(i.LED_GPIO_Config)
    i.MemManage_Handler                      0x08001ee8   Section        0  stm32f1xx_it.o(i.MemManage_Handler)
    i.NMI_Handler                            0x08001eec   Section        0  stm32f1xx_it.o(i.NMI_Handler)
    i.NVIC_GetPriorityGrouping               0x08001ef0   Section        0  stm32f1xx_hal_cortex.o(i.NVIC_GetPriorityGrouping)
    NVIC_GetPriorityGrouping                 0x08001ef1   Thumb Code    10  stm32f1xx_hal_cortex.o(i.NVIC_GetPriorityGrouping)
    i.NVIC_SetPriority                       0x08001f00   Section        0  stm32f1xx_hal_cortex.o(i.NVIC_SetPriority)
    NVIC_SetPriority                         0x08001f01   Thumb Code    32  stm32f1xx_hal_cortex.o(i.NVIC_SetPriority)
    i.PendSV_Handler                         0x08001f28   Section        0  stm32f1xx_it.o(i.PendSV_Handler)
    i.RCC_Delay                              0x08001f2c   Section        0  stm32f1xx_hal_rcc.o(i.RCC_Delay)
    RCC_Delay                                0x08001f2d   Thumb Code    36  stm32f1xx_hal_rcc.o(i.RCC_Delay)
    i.SVC_Handler                            0x08001f54   Section        0  stm32f1xx_it.o(i.SVC_Handler)
    i.SysTick_Handler                        0x08001f56   Section        0  stm32f1xx_it.o(i.SysTick_Handler)
    i.SystemClock_Config                     0x08001f5e   Section        0  main.o(i.SystemClock_Config)
    i.SystemInit                             0x08001fc0   Section        0  system_stm32f1xx.o(i.SystemInit)
    i.UART_SetConfig                         0x08002018   Section        0  stm32f1xx_hal_uart.o(i.UART_SetConfig)
    UART_SetConfig                           0x08002019   Thumb Code   450  stm32f1xx_hal_uart.o(i.UART_SetConfig)
    i.UART_WaitOnFlagUntilTimeout            0x080021e0   Section        0  stm32f1xx_hal_uart.o(i.UART_WaitOnFlagUntilTimeout)
    UART_WaitOnFlagUntilTimeout              0x080021e1   Thumb Code   108  stm32f1xx_hal_uart.o(i.UART_WaitOnFlagUntilTimeout)
    i.UsageFault_Handler                     0x0800224c   Section        0  stm32f1xx_it.o(i.UsageFault_Handler)
    i.__0printf$6                            0x08002250   Section        0  printf6.o(i.__0printf$6)
    i.__0snprintf$6                          0x08002270   Section        0  printf6.o(i.__0snprintf$6)
    i.__scatterload_copy                     0x080022a0   Section       14  handlers.o(i.__scatterload_copy)
    i.__scatterload_null                     0x080022ae   Section        2  handlers.o(i.__scatterload_null)
    i.__scatterload_zeroinit                 0x080022b0   Section       14  handlers.o(i.__scatterload_zeroinit)
    i._printf_core                           0x080022c0   Section        0  printf6.o(i._printf_core)
    _printf_core                             0x080022c1   Thumb Code   748  printf6.o(i._printf_core)
    i._printf_post_padding                   0x080025b0   Section        0  printf6.o(i._printf_post_padding)
    _printf_post_padding                     0x080025b1   Thumb Code    36  printf6.o(i._printf_post_padding)
    i._printf_pre_padding                    0x080025d4   Section        0  printf6.o(i._printf_pre_padding)
    _printf_pre_padding                      0x080025d5   Thumb Code    46  printf6.o(i._printf_pre_padding)
    i._snputc                                0x08002602   Section        0  printf6.o(i._snputc)
    _snputc                                  0x08002603   Thumb Code    22  printf6.o(i._snputc)
    i.attach_instruction_view                0x08002618   Section        0  vm_core.o(i.attach_instruction_view)
    attach_instruction_view                  0x08002619   Thumb Code    46  vm_core.o(i.attach_instruction_view)
    i.bootloader_load_program_from_flash     0x08002648   Section        0  bootloader_hbc.o(i.bootloader_load_program_from_flash)
    i.bootloader_try_uart_update             0x080026b8   Section        0  bootloader_hbc.o(i.bootloader_try_uart_update)
    i.check_reg                              0x080027d0   Section        0  vm_core.o(i.check_reg)
    check_reg                                0x080027d1   Thumb Code    18  vm_core.o(i.check_reg)
    i.clear_state                            0x080027e2   Section        0  vm_core.o(i.clear_state)
    clear_state                              0x080027e3   Thumb Code    26  vm_core.o(i.clear_state)
    i.crc32_calc                             0x080027fc   Section        0  bootloader_hbc.o(i.crc32_calc)
    crc32_calc                               0x080027fd   Thumb Code    38  bootloader_hbc.o(i.crc32_calc)
    i.crc32_update                           0x08002824   Section        0  bootloader_hbc.o(i.crc32_update)
    crc32_update                             0x08002825   Thumb Code    30  bootloader_hbc.o(i.crc32_update)
    i.flash_store_payload                    0x08002848   Section        0  bootloader_hbc.o(i.flash_store_payload)
    flash_store_payload                      0x08002849   Thumb Code   188  bootloader_hbc.o(i.flash_store_payload)
    i.flash_write_words                      0x08002910   Section        0  bootloader_hbc.o(i.flash_write_words)
    flash_write_words                        0x08002911   Thumb Code    82  bootloader_hbc.o(i.flash_write_words)
    i.fputc                                  0x08002964   Section        0  bsp_debug_usart.o(i.fputc)
    i.hal_delay_ms                           0x08002980   Section        0  main.o(i.hal_delay_ms)
    i.hal_init                               0x0800298c   Section        0  main.o(i.hal_init)
    i.hal_key1_read                          0x080029f0   Section        0  main.o(i.hal_key1_read)
    i.hal_key2_read                          0x08002a08   Section        0  main.o(i.hal_key2_read)
    i.hal_led_write                          0x08002a24   Section        0  main.o(i.hal_led_write)
    i.hal_log_int                            0x08002a3c   Section        0  main.o(i.hal_log_int)
    i.hal_millis                             0x08002a88   Section        0  main.o(i.hal_millis)
    i.is_mode_valid                          0x08002a90   Section        0  vm_core.o(i.is_mode_valid)
    is_mode_valid                            0x08002a91   Thumb Code    18  vm_core.o(i.is_mode_valid)
    i.is_program_header_valid                0x08002aa2   Section        0  vm_core.o(i.is_program_header_valid)
    is_program_header_valid                  0x08002aa3   Thumb Code    16  vm_core.o(i.is_program_header_valid)
    i.key_gpio_init                          0x08002ab4   Section        0  main.o(i.key_gpio_init)
    key_gpio_init                            0x08002ab5   Thumb Code   110  main.o(i.key_gpio_init)
    i.lcd_clear_line                         0x08002b30   Section        0  main.o(i.lcd_clear_line)
    lcd_clear_line                           0x08002b31   Thumb Code    40  main.o(i.lcd_clear_line)
    i.lcd_log_line                           0x08002b60   Section        0  main.o(i.lcd_log_line)
    lcd_log_line                             0x08002b61   Thumb Code    78  main.o(i.lcd_log_line)
    i.main                                   0x08002bbc   Section        0  main.o(i.main)
    i.parse_header                           0x08002d20   Section        0  vm_core.o(i.parse_header)
    parse_header                             0x08002d21   Thumb Code   142  vm_core.o(i.parse_header)
    i.parse_symbols                          0x08002dae   Section        0  vm_core.o(i.parse_symbols)
    parse_symbols                            0x08002daf   Thumb Code   166  vm_core.o(i.parse_symbols)
    i.read_binary_side                       0x08002e54   Section        0  vm_core.o(i.read_binary_side)
    read_binary_side                         0x08002e55   Thumb Code    36  vm_core.o(i.read_binary_side)
    i.read_i32                               0x08002e78   Section        0  vm_core.o(i.read_i32)
    read_i32                                 0x08002e79   Thumb Code    24  vm_core.o(i.read_i32)
    i.read_instruction                       0x08002e90   Section        0  vm_core.o(i.read_instruction)
    read_instruction                         0x08002e91   Thumb Code    86  vm_core.o(i.read_instruction)
    i.read_u16                               0x08002ee6   Section        0  vm_core.o(i.read_u16)
    read_u16                                 0x08002ee7   Thumb Code    12  vm_core.o(i.read_u16)
    i.read_u32_le                            0x08002ef2   Section        0  bootloader_hbc.o(i.read_u32_le)
    read_u32_le                              0x08002ef3   Thumb Code    24  bootloader_hbc.o(i.read_u32_le)
    i.read_value                             0x08002f0a   Section        0  vm_core.o(i.read_value)
    read_value                               0x08002f0b   Thumb Code    42  vm_core.o(i.read_value)
    i.uart_read_byte                         0x08002f34   Section        0  bootloader_hbc.o(i.uart_read_byte)
    uart_read_byte                           0x08002f35   Thumb Code    30  bootloader_hbc.o(i.uart_read_byte)
    i.validate_instruction_format            0x08002f58   Section        0  vm_core.o(i.validate_instruction_format)
    validate_instruction_format              0x08002f59   Thumb Code   404  vm_core.o(i.validate_instruction_format)
    i.validate_jump_targets                  0x080030ec   Section        0  vm_core.o(i.validate_jump_targets)
    validate_jump_targets                    0x080030ed   Thumb Code    86  vm_core.o(i.validate_jump_targets)
    i.vm_init                                0x08003142   Section        0  vm_core.o(i.vm_init)
    i.vm_load_program                        0x0800316a   Section        0  vm_core.o(i.vm_load_program)
    i.vm_run                                 0x080031e0   Section        0  vm_core.o(i.vm_run)
    .constdata                               0x08003558   Section       24  system_stm32f1xx.o(.constdata)
    .constdata                               0x08003570   Section    15224  fonts.o(.constdata)
    .constdata                               0x080070e8   Section      292  vm_program_data.o(.constdata)
    .data                                    0x20000000   Section        4  system_stm32f1xx.o(.data)
    .data                                    0x20000004   Section        4  stm32f1xx_hal.o(.data)
    .data                                    0x20000008   Section        2  main.o(.data)
    g_lcd_line                               0x20000008   Data           2  main.o(.data)
    .data                                    0x2000000c   Section       16  bsp_ili9341_lcd.o(.data)
    LCD_Currentfonts                         0x20000014   Data           4  bsp_ili9341_lcd.o(.data)
    CurrentTextColor                         0x20000018   Data           2  bsp_ili9341_lcd.o(.data)
    CurrentBackColor                         0x2000001a   Data           2  bsp_ili9341_lcd.o(.data)
    .data                                    0x2000001c   Section        4  stdout.o(.data)
    .bss                                     0x20000020   Section       32  stm32f1xx_hal_flash.o(.bss)
    .bss                                     0x20000040   Section       64  bsp_debug_usart.o(.bss)
    .bss                                     0x20000080   Section      864  bsp_ili9341_lcd.o(.bss)
    SRAM_Handler                             0x20000080   Data          68  bsp_ili9341_lcd.o(.bss)
    Timing                                   0x200000c4   Data          28  bsp_ili9341_lcd.o(.bss)
    .bss                                     0x200003e0   Section    61440  bootloader_hbc.o(.bss)
    g_rx_payload                             0x200003e0   Data       61440  bootloader_hbc.o(.bss)
    STACK                                    0x2000f3e0   Section     1024  startup_stm32f103xe.o(STACK)

    Global Symbols

    Symbol Name                              Value     Ov Type        Size  Object(Section)

    BuildAttributes$$THM_ISAv4$P$D$K$B$S$PE$A:L22UL41UL21$X:L11$S22US41US21$IEEE1$IW$USESV6$~STKCKD$USESV7$~SHL$OSPACE$ROPI$EBA8$MICROLIB$REQ8$PRES8$EABIv2 0x00000000   Number         0  anon$$obj.o ABSOLUTE
    __ARM_use_no_argv                        0x00000000   Number         0  main.o ABSOLUTE
    _printf_a                                0x00000000   Number         0  stubs.o ABSOLUTE
    _printf_c                                0x00000000   Number         0  stubs.o ABSOLUTE
    _printf_charcount                        0x00000000   Number         0  stubs.o ABSOLUTE
    _printf_d                                0x00000000   Number         0  stubs.o ABSOLUTE
    _printf_e                                0x00000000   Number         0  stubs.o ABSOLUTE
    _printf_f                                0x00000000   Number         0  stubs.o ABSOLUTE
    _printf_flags                            0x00000000   Number         0  stubs.o ABSOLUTE
    _printf_fp_dec                           0x00000000   Number         0  stubs.o ABSOLUTE
    _printf_fp_hex                           0x00000000   Number         0  stubs.o ABSOLUTE
    _printf_g                                0x00000000   Number         0  stubs.o ABSOLUTE
    _printf_i                                0x00000000   Number         0  stubs.o ABSOLUTE
    _printf_int_dec                          0x00000000   Number         0  stubs.o ABSOLUTE
    _printf_l                                0x00000000   Number         0  stubs.o ABSOLUTE
    _printf_lc                               0x00000000   Number         0  stubs.o ABSOLUTE
    _printf_ll                               0x00000000   Number         0  stubs.o ABSOLUTE
    _printf_lld                              0x00000000   Number         0  stubs.o ABSOLUTE
    _printf_lli                              0x00000000   Number         0  stubs.o ABSOLUTE
    _printf_llo                              0x00000000   Number         0  stubs.o ABSOLUTE
    _printf_llu                              0x00000000   Number         0  stubs.o ABSOLUTE
    _printf_llx                              0x00000000   Number         0  stubs.o ABSOLUTE
    _printf_longlong_dec                     0x00000000   Number         0  stubs.o ABSOLUTE
    _printf_longlong_hex                     0x00000000   Number         0  stubs.o ABSOLUTE
    _printf_longlong_oct                     0x00000000   Number         0  stubs.o ABSOLUTE
    _printf_ls                               0x00000000   Number         0  stubs.o ABSOLUTE
    _printf_mbtowc                           0x00000000   Number         0  stubs.o ABSOLUTE
    _printf_n                                0x00000000   Number         0  stubs.o ABSOLUTE
    _printf_o                                0x00000000   Number         0  stubs.o ABSOLUTE
    _printf_p                                0x00000000   Number         0  stubs.o ABSOLUTE
    _printf_percent                          0x00000000   Number         0  stubs.o ABSOLUTE
    _printf_pre_padding                      0x00000000   Number         0  stubs.o ABSOLUTE
    _printf_return_value                     0x00000000   Number         0  stubs.o ABSOLUTE
    _printf_s                                0x00000000   Number         0  stubs.o ABSOLUTE
    _printf_sizespec                         0x00000000   Number         0  stubs.o ABSOLUTE
    _printf_str                              0x00000000   Number         0  stubs.o ABSOLUTE
    _printf_truncate_signed                  0x00000000   Number         0  stubs.o ABSOLUTE
    _printf_truncate_unsigned                0x00000000   Number         0  stubs.o ABSOLUTE
    _printf_u                                0x00000000   Number         0  stubs.o ABSOLUTE
    _printf_wc                               0x00000000   Number         0  stubs.o ABSOLUTE
    _printf_wctomb                           0x00000000   Number         0  stubs.o ABSOLUTE
    _printf_widthprec                        0x00000000   Number         0  stubs.o ABSOLUTE
    _printf_x                                0x00000000   Number         0  stubs.o ABSOLUTE
    __cpp_initialize__aeabi_                  - Undefined Weak Reference
    __cxa_finalize                            - Undefined Weak Reference
    __decompress                              - Undefined Weak Reference
    _clock_init                               - Undefined Weak Reference
    _microlib_exit                            - Undefined Weak Reference
    __Vectors_Size                           0x00000130   Number         0  startup_stm32f103xe.o ABSOLUTE
    __Vectors                                0x08000000   Data           4  startup_stm32f103xe.o(RESET)
    __Vectors_End                            0x08000130   Data           0  startup_stm32f103xe.o(RESET)
    __main                                   0x08000131   Thumb Code     0  entry.o(.ARM.Collect$$$$00000000)
    _main_stk                                0x08000131   Thumb Code     0  entry2.o(.ARM.Collect$$$$00000001)
    _main_scatterload                        0x08000135   Thumb Code     0  entry5.o(.ARM.Collect$$$$00000004)
    __main_after_scatterload                 0x08000139   Thumb Code     0  entry5.o(.ARM.Collect$$$$00000004)
    _main_clock                              0x08000139   Thumb Code     0  entry7b.o(.ARM.Collect$$$$00000008)
    _main_cpp_init                           0x08000139   Thumb Code     0  entry8b.o(.ARM.Collect$$$$0000000A)
    _main_init                               0x08000139   Thumb Code     0  entry9a.o(.ARM.Collect$$$$0000000B)
    __rt_final_cpp                           0x08000141   Thumb Code     0  entry10a.o(.ARM.Collect$$$$0000000D)
    __rt_final_exit                          0x08000141   Thumb Code     0  entry11a.o(.ARM.Collect$$$$0000000F)
    Reset_Handler                            0x08000145   Thumb Code     8  startup_stm32f103xe.o(.text)
    ADC1_2_IRQHandler                        0x0800015f   Thumb Code     0  startup_stm32f103xe.o(.text)
    ADC3_IRQHandler                          0x0800015f   Thumb Code     0  startup_stm32f103xe.o(.text)
    CAN1_RX1_IRQHandler                      0x0800015f   Thumb Code     0  startup_stm32f103xe.o(.text)
    CAN1_SCE_IRQHandler                      0x0800015f   Thumb Code     0  startup_stm32f103xe.o(.text)
    DMA1_Channel1_IRQHandler                 0x0800015f   Thumb Code     0  startup_stm32f103xe.o(.text)
    DMA1_Channel2_IRQHandler                 0x0800015f   Thumb Code     0  startup_stm32f103xe.o(.text)
    DMA1_Channel3_IRQHandler                 0x0800015f   Thumb Code     0  startup_stm32f103xe.o(.text)
    DMA1_Channel4_IRQHandler                 0x0800015f   Thumb Code     0  startup_stm32f103xe.o(.text)
    DMA1_Channel5_IRQHandler                 0x0800015f   Thumb Code     0  startup_stm32f103xe.o(.text)
    DMA1_Channel6_IRQHandler                 0x0800015f   Thumb Code     0  startup_stm32f103xe.o(.text)
    DMA1_Channel7_IRQHandler                 0x0800015f   Thumb Code     0  startup_stm32f103xe.o(.text)
    DMA2_Channel1_IRQHandler                 0x0800015f   Thumb Code     0  startup_stm32f103xe.o(.text)
    DMA2_Channel2_IRQHandler                 0x0800015f   Thumb Code     0  startup_stm32f103xe.o(.text)
    DMA2_Channel3_IRQHandler                 0x0800015f   Thumb Code     0  startup_stm32f103xe.o(.text)
    DMA2_Channel4_5_IRQHandler               0x0800015f   Thumb Code     0  startup_stm32f103xe.o(.text)
    EXTI15_10_IRQHandler                     0x0800015f   Thumb Code     0  startup_stm32f103xe.o(.text)
    EXTI1_IRQHandler                         0x0800015f   Thumb Code     0  startup_stm32f103xe.o(.text)
    EXTI2_IRQHandler                         0x0800015f   Thumb Code     0  startup_stm32f103xe.o(.text)
    EXTI3_IRQHandler                         0x0800015f   Thumb Code     0  startup_stm32f103xe.o(.text)
    EXTI4_IRQHandler                         0x0800015f   Thumb Code     0  startup_stm32f103xe.o(.text)
    EXTI9_5_IRQHandler                       0x0800015f   Thumb Code     0  startup_stm32f103xe.o(.text)
    FLASH_IRQHandler                         0x0800015f   Thumb Code     0  startup_stm32f103xe.o(.text)
    FSMC_IRQHandler                          0x0800015f   Thumb Code     0  startup_stm32f103xe.o(.text)
    I2C1_ER_IRQHandler                       0x0800015f   Thumb Code     0  startup_stm32f103xe.o(.text)
    I2C1_EV_IRQHandler                       0x0800015f   Thumb Code     0  startup_stm32f103xe.o(.text)
    I2C2_ER_IRQHandler                       0x0800015f   Thumb Code     0  startup_stm32f103xe.o(.text)
    I2C2_EV_IRQHandler                       0x0800015f   Thumb Code     0  startup_stm32f103xe.o(.text)
    PVD_IRQHandler                           0x0800015f   Thumb Code     0  startup_stm32f103xe.o(.text)
    RCC_IRQHandler                           0x0800015f   Thumb Code     0  startup_stm32f103xe.o(.text)
    RTC_Alarm_IRQHandler                     0x0800015f   Thumb Code     0  startup_stm32f103xe.o(.text)
    RTC_IRQHandler                           0x0800015f   Thumb Code     0  startup_stm32f103xe.o(.text)
    SDIO_IRQHandler                          0x0800015f   Thumb Code     0  startup_stm32f103xe.o(.text)
    SPI1_IRQHandler                          0x0800015f   Thumb Code     0  startup_stm32f103xe.o(.text)
    SPI2_IRQHandler                          0x0800015f   Thumb Code     0  startup_stm32f103xe.o(.text)
    SPI3_IRQHandler                          0x0800015f   Thumb Code     0  startup_stm32f103xe.o(.text)
    TAMPER_IRQHandler                        0x0800015f   Thumb Code     0  startup_stm32f103xe.o(.text)
    TIM1_BRK_IRQHandler                      0x0800015f   Thumb Code     0  startup_stm32f103xe.o(.text)
    TIM1_CC_IRQHandler                       0x0800015f   Thumb Code     0  startup_stm32f103xe.o(.text)
    TIM1_TRG_COM_IRQHandler                  0x0800015f   Thumb Code     0  startup_stm32f103xe.o(.text)
    TIM1_UP_IRQHandler                       0x0800015f   Thumb Code     0  startup_stm32f103xe.o(.text)
    TIM2_IRQHandler                          0x0800015f   Thumb Code     0  startup_stm32f103xe.o(.text)
    TIM3_IRQHandler                          0x0800015f   Thumb Code     0  startup_stm32f103xe.o(.text)
    TIM4_IRQHandler                          0x0800015f   Thumb Code     0  startup_stm32f103xe.o(.text)
    TIM5_IRQHandler                          0x0800015f   Thumb Code     0  startup_stm32f103xe.o(.text)
    TIM6_IRQHandler                          0x0800015f   Thumb Code     0  startup_stm32f103xe.o(.text)
    TIM7_IRQHandler                          0x0800015f   Thumb Code     0  startup_stm32f103xe.o(.text)
    TIM8_BRK_IRQHandler                      0x0800015f   Thumb Code     0  startup_stm32f103xe.o(.text)
    TIM8_CC_IRQHandler                       0x0800015f   Thumb Code     0  startup_stm32f103xe.o(.text)
    TIM8_TRG_COM_IRQHandler                  0x0800015f   Thumb Code     0  startup_stm32f103xe.o(.text)
    TIM8_UP_IRQHandler                       0x0800015f   Thumb Code     0  startup_stm32f103xe.o(.text)
    UART4_IRQHandler                         0x0800015f   Thumb Code     0  startup_stm32f103xe.o(.text)
    UART5_IRQHandler                         0x0800015f   Thumb Code     0  startup_stm32f103xe.o(.text)
    USART1_IRQHandler                        0x0800015f   Thumb Code     0  startup_stm32f103xe.o(.text)
    USART2_IRQHandler                        0x0800015f   Thumb Code     0  startup_stm32f103xe.o(.text)
    USART3_IRQHandler                        0x0800015f   Thumb Code     0  startup_stm32f103xe.o(.text)
    USBWakeUp_IRQHandler                     0x0800015f   Thumb Code     0  startup_stm32f103xe.o(.text)
    USB_HP_CAN1_TX_IRQHandler                0x0800015f   Thumb Code     0  startup_stm32f103xe.o(.text)
    USB_LP_CAN1_RX0_IRQHandler               0x0800015f   Thumb Code     0  startup_stm32f103xe.o(.text)
    WWDG_IRQHandler                          0x0800015f   Thumb Code     0  startup_stm32f103xe.o(.text)
    __aeabi_llsr                             0x08000169   Thumb Code    32  llushr.o(.text)
    _ll_ushift_r                             0x08000169   Thumb Code     0  llushr.o(.text)
    __aeabi_memcpy                           0x08000189   Thumb Code    36  memcpya.o(.text)
    __aeabi_memcpy4                          0x08000189   Thumb Code     0  memcpya.o(.text)
    __aeabi_memcpy8                          0x08000189   Thumb Code     0  memcpya.o(.text)
    __aeabi_memset                           0x080001ad   Thumb Code    14  memseta.o(.text)
    __aeabi_memset4                          0x080001ad   Thumb Code     0  memseta.o(.text)
    __aeabi_memset8                          0x080001ad   Thumb Code     0  memseta.o(.text)
    __aeabi_memclr                           0x080001bb   Thumb Code     4  memseta.o(.text)
    __aeabi_memclr4                          0x080001bb   Thumb Code     0  memseta.o(.text)
    __aeabi_memclr8                          0x080001bb   Thumb Code     0  memseta.o(.text)
    _memset$wrapper                          0x080001bf   Thumb Code    18  memseta.o(.text)
    __aeabi_uidiv                            0x080001d1   Thumb Code     0  uidiv.o(.text)
    __aeabi_uidivmod                         0x080001d1   Thumb Code    44  uidiv.o(.text)
    __scatterload                            0x080001fd   Thumb Code    28  init.o(.text)
    __scatterload_rt2                        0x080001fd   Thumb Code     0  init.o(.text)
    BusFault_Handler                         0x08000221   Thumb Code     4  stm32f1xx_it.o(i.BusFault_Handler)
    DEBUG_USART_Config                       0x08000225   Thumb Code    36  bsp_debug_usart.o(i.DEBUG_USART_Config)
    DebugMon_Handler                         0x08000251   Thumb Code     2  stm32f1xx_it.o(i.DebugMon_Handler)
    EXTI0_IRQHandler                         0x08000253   Thumb Code     2  stm32f1xx_it.o(i.EXTI0_IRQHandler)
    FLASH_PageErase                          0x0800027d   Thumb Code    32  stm32f1xx_hal_flash_ex.o(i.FLASH_PageErase)
    FLASH_WaitForLastOperation               0x08000349   Thumb Code   106  stm32f1xx_hal_flash.o(i.FLASH_WaitForLastOperation)
    FSMC_NORSRAM_Extended_Timing_Init        0x080003b9   Thumb Code    62  stm32f1xx_ll_fsmc.o(i.FSMC_NORSRAM_Extended_Timing_Init)
    FSMC_NORSRAM_Init                        0x080003fd   Thumb Code   164  stm32f1xx_ll_fsmc.o(i.FSMC_NORSRAM_Init)
    FSMC_NORSRAM_Timing_Init                 0x080004a5   Thumb Code    66  stm32f1xx_ll_fsmc.o(i.FSMC_NORSRAM_Timing_Init)
    HAL_Delay                                0x080004e7   Thumb Code    30  stm32f1xx_hal.o(i.HAL_Delay)
    HAL_FLASHEx_Erase                        0x08000505   Thumb Code   168  stm32f1xx_hal_flash_ex.o(i.HAL_FLASHEx_Erase)
    HAL_FLASH_Lock                           0x080005b5   Thumb Code    16  stm32f1xx_hal_flash.o(i.HAL_FLASH_Lock)
    HAL_FLASH_Program                        0x080005c9   Thumb Code   168  stm32f1xx_hal_flash.o(i.HAL_FLASH_Program)
    HAL_FLASH_Unlock                         0x08000679   Thumb Code    30  stm32f1xx_hal_flash.o(i.HAL_FLASH_Unlock)
    HAL_GPIO_Init                            0x080006a5   Thumb Code   790  stm32f1xx_hal_gpio.o(i.HAL_GPIO_Init)
    HAL_GPIO_ReadPin                         0x080009e5   Thumb Code    16  stm32f1xx_hal_gpio.o(i.HAL_GPIO_ReadPin)
    HAL_GetTick                              0x080009f5   Thumb Code     6  stm32f1xx_hal.o(i.HAL_GetTick)
    HAL_IncTick                              0x08000a01   Thumb Code    12  stm32f1xx_hal.o(i.HAL_IncTick)
    HAL_Init                                 0x08000a11   Thumb Code    34  stm32f1xx_hal.o(i.HAL_Init)
    HAL_InitTick                             0x08000a39   Thumb Code    36  stm32f1xx_hal.o(i.HAL_InitTick)
    HAL_MspInit                              0x08000a61   Thumb Code     2  stm32f1xx_hal.o(i.HAL_MspInit)
    HAL_NVIC_SetPriority                     0x08000a63   Thumb Code   124  stm32f1xx_hal_cortex.o(i.HAL_NVIC_SetPriority)
    HAL_NVIC_SetPriorityGrouping             0x08000ae1   Thumb Code    32  stm32f1xx_hal_cortex.o(i.HAL_NVIC_SetPriorityGrouping)
    HAL_RCC_ClockConfig                      0x08000b09   Thumb Code   402  stm32f1xx_hal_rcc.o(i.HAL_RCC_ClockConfig)
    HAL_RCC_GetHCLKFreq                      0x08000cad   Thumb Code     6  stm32f1xx_hal_rcc.o(i.HAL_RCC_GetHCLKFreq)
    HAL_RCC_GetPCLK1Freq                     0x08000cb9   Thumb Code    22  stm32f1xx_hal_rcc.o(i.HAL_RCC_GetPCLK1Freq)
    HAL_RCC_GetPCLK2Freq                     0x08000cd9   Thumb Code    22  stm32f1xx_hal_rcc.o(i.HAL_RCC_GetPCLK2Freq)
    HAL_RCC_GetSysClockFreq                  0x08000cf9   Thumb Code   118  stm32f1xx_hal_rcc.o(i.HAL_RCC_GetSysClockFreq)
    HAL_RCC_OscConfig                        0x08000d91   Thumb Code  1078  stm32f1xx_hal_rcc.o(i.HAL_RCC_OscConfig)
    HAL_SRAM_Init                            0x080011d1   Thumb Code    88  stm32f1xx_hal_sram.o(i.HAL_SRAM_Init)
    HAL_SRAM_MspInit                         0x08001229   Thumb Code     2  stm32f1xx_hal_sram.o(i.HAL_SRAM_MspInit)
    HAL_SYSTICK_Config                       0x0800122b   Thumb Code    52  stm32f1xx_hal_cortex.o(i.HAL_SYSTICK_Config)
    HAL_UART_Init                            0x0800125f   Thumb Code   114  stm32f1xx_hal_uart.o(i.HAL_UART_Init)
    HAL_UART_MspInit                         0x080012d1   Thumb Code   132  bsp_debug_usart.o(i.HAL_UART_MspInit)
    HAL_UART_Receive                         0x0800135d   Thumb Code   222  stm32f1xx_hal_uart.o(i.HAL_UART_Receive)
    HAL_UART_Transmit                        0x0800143b   Thumb Code   214  stm32f1xx_hal_uart.o(i.HAL_UART_Transmit)
    HardFault_Handler                        0x08001511   Thumb Code     4  stm32f1xx_it.o(i.HardFault_Handler)
    ILI9341_BackLed_Control                  0x08001515   Thumb Code    22  bsp_ili9341_lcd.o(i.ILI9341_BackLed_Control)
    ILI9341_Clear                            0x08001531   Thumb Code    40  bsp_ili9341_lcd.o(i.ILI9341_Clear)
    ILI9341_DispChar_EN                      0x08001571   Thumb Code   138  bsp_ili9341_lcd.o(i.ILI9341_DispChar_EN)
    ILI9341_DispString_EN                    0x08001609   Thumb Code    92  bsp_ili9341_lcd.o(i.ILI9341_DispString_EN)
    ILI9341_GramScan                         0x080017c1   Thumb Code   208  bsp_ili9341_lcd.o(i.ILI9341_GramScan)
    ILI9341_Init                             0x080018a1   Thumb Code    34  bsp_ili9341_lcd.o(i.ILI9341_Init)
    ILI9341_OpenWindow                       0x080018c9   Thumb Code    96  bsp_ili9341_lcd.o(i.ILI9341_OpenWindow)
    ILI9341_ReadID                           0x08001d79   Thumb Code   108  bsp_ili9341_lcd.o(i.ILI9341_ReadID)
    ILI9341_Read_Data                        0x08001de9   Thumb Code     6  bsp_ili9341_lcd.o(i.ILI9341_Read_Data)
    ILI9341_Rst                              0x08001df5   Thumb Code    34  bsp_ili9341_lcd.o(i.ILI9341_Rst)
    ILI9341_Write_Cmd                        0x08001e1d   Thumb Code     8  bsp_ili9341_lcd.o(i.ILI9341_Write_Cmd)
    ILI9341_Write_Data                       0x08001e25   Thumb Code     6  bsp_ili9341_lcd.o(i.ILI9341_Write_Data)
    LCD_SetBackColor                         0x08001e31   Thumb Code     6  bsp_ili9341_lcd.o(i.LCD_SetBackColor)
    LCD_SetTextColor                         0x08001e3d   Thumb Code     6  bsp_ili9341_lcd.o(i.LCD_SetTextColor)
    LED_GPIO_Config                          0x08001e49   Thumb Code   150  bsp_led.o(i.LED_GPIO_Config)
    MemManage_Handler                        0x08001ee9   Thumb Code     4  stm32f1xx_it.o(i.MemManage_Handler)
    NMI_Handler                              0x08001eed   Thumb Code     2  stm32f1xx_it.o(i.NMI_Handler)
    PendSV_Handler                           0x08001f29   Thumb Code     2  stm32f1xx_it.o(i.PendSV_Handler)
    SVC_Handler                              0x08001f55   Thumb Code     2  stm32f1xx_it.o(i.SVC_Handler)
    SysTick_Handler                          0x08001f57   Thumb Code     8  stm32f1xx_it.o(i.SysTick_Handler)
    SystemClock_Config                       0x08001f5f   Thumb Code    96  main.o(i.SystemClock_Config)
    SystemInit                               0x08001fc1   Thumb Code    70  system_stm32f1xx.o(i.SystemInit)
    UsageFault_Handler                       0x0800224d   Thumb Code     4  stm32f1xx_it.o(i.UsageFault_Handler)
    __0printf$6                              0x08002251   Thumb Code    22  printf6.o(i.__0printf$6)
    __1printf$6                              0x08002251   Thumb Code     0  printf6.o(i.__0printf$6)
    __2printf                                0x08002251   Thumb Code     0  printf6.o(i.__0printf$6)
    __0snprintf$6                            0x08002271   Thumb Code    44  printf6.o(i.__0snprintf$6)
    __1snprintf$6                            0x08002271   Thumb Code     0  printf6.o(i.__0snprintf$6)
    __2snprintf                              0x08002271   Thumb Code     0  printf6.o(i.__0snprintf$6)
    __scatterload_copy                       0x080022a1   Thumb Code    14  handlers.o(i.__scatterload_copy)
    __scatterload_null                       0x080022af   Thumb Code     2  handlers.o(i.__scatterload_null)
    __scatterload_zeroinit                   0x080022b1   Thumb Code    14  handlers.o(i.__scatterload_zeroinit)
    bootloader_load_program_from_flash       0x08002649   Thumb Code   100  bootloader_hbc.o(i.bootloader_load_program_from_flash)
    bootloader_try_uart_update               0x080026b9   Thumb Code   274  bootloader_hbc.o(i.bootloader_try_uart_update)
    fputc                                    0x08002965   Thumb Code    22  bsp_debug_usart.o(i.fputc)
    hal_delay_ms                             0x08002981   Thumb Code    12  main.o(i.hal_delay_ms)
    hal_init                                 0x0800298d   Thumb Code    68  main.o(i.hal_init)
    hal_key1_read                            0x080029f1   Thumb Code    20  main.o(i.hal_key1_read)
    hal_key2_read                            0x08002a09   Thumb Code    22  main.o(i.hal_key2_read)
    hal_led_write                            0x08002a25   Thumb Code    20  main.o(i.hal_led_write)
    hal_log_int                              0x08002a3d   Thumb Code    50  main.o(i.hal_log_int)
    hal_millis                               0x08002a89   Thumb Code     8  main.o(i.hal_millis)
    main                                     0x08002bbd   Thumb Code   250  main.o(i.main)
    vm_init                                  0x08003143   Thumb Code    40  vm_core.o(i.vm_init)
    vm_load_program                          0x0800316b   Thumb Code   118  vm_core.o(i.vm_load_program)
    vm_run                                   0x080031e1   Thumb Code   888  vm_core.o(i.vm_run)
    AHBPrescTable                            0x08003558   Data          16  system_stm32f1xx.o(.constdata)
    APBPrescTable                            0x08003568   Data           8  system_stm32f1xx.o(.constdata)
    ASCII8x16_Table                          0x08003570   Data        1520  fonts.o(.constdata)
    ASCII16x24_Table                         0x08003b60   Data        4560  fonts.o(.constdata)
    ASCII24x32_Table                         0x08004d30   Data        9120  fonts.o(.constdata)
    Font8x16                                 0x080070d0   Data           8  fonts.o(.constdata)
    Font16x24                                0x080070d8   Data           8  fonts.o(.constdata)
    Font24x32                                0x080070e0   Data           8  fonts.o(.constdata)
    g_vm_program                             0x080070e8   Data         287  vm_program_data.o(.constdata)
    g_vm_program_size                        0x08007208   Data           4  vm_program_data.o(.constdata)
    Region$$Table$$Base                      0x0800720c   Number         0  anon$$obj.o(Region$$Table)
    Region$$Table$$Limit                     0x0800722c   Number         0  anon$$obj.o(Region$$Table)
    SystemCoreClock                          0x20000000   Data           4  system_stm32f1xx.o(.data)
    uwTick                                   0x20000004   Data           4  stm32f1xx_hal.o(.data)
    LCD_X_LENGTH                             0x2000000c   Data           2  bsp_ili9341_lcd.o(.data)
    LCD_Y_LENGTH                             0x2000000e   Data           2  bsp_ili9341_lcd.o(.data)
    LCD_SCAN_MODE                            0x20000010   Data           1  bsp_ili9341_lcd.o(.data)
    lcdid                                    0x20000012   Data           2  bsp_ili9341_lcd.o(.data)
    __stdout                                 0x2000001c   Data           4  stdout.o(.data)
    pFlash                                   0x20000020   Data          32  stm32f1xx_hal_flash.o(.bss)
    UartHandle                               0x20000040   Data          64  bsp_debug_usart.o(.bss)
    zoomBuff                                 0x200000e0   Data         512  bsp_ili9341_lcd.o(.bss)
    zoomTempBuff                             0x200002e0   Data         256  bsp_ili9341_lcd.o(.bss)
    __initial_sp                             0x2000f7e0   Data           0  startup_stm32f103xe.o(STACK)



==============================================================================

Memory Map of the image

  Image Entry point : 0x08000131

  Load Region LR_IROM1 (Base: 0x08000000, Size: 0x0000724c, Max: 0x00080000, ABSOLUTE)

    Execution Region ER_IROM1 (Exec base: 0x08000000, Load base: 0x08000000, Size: 0x0000722c, Max: 0x00080000, ABSOLUTE)

    Exec Addr    Load Addr    Size         Type   Attr      Idx    E Section Name        Object

    0x08000000   0x08000000   0x00000130   Data   RO            3    RESET               startup_stm32f103xe.o
    0x08000130   0x08000130   0x00000000   Code   RO         7812  * .ARM.Collect$$$$00000000  mc_w.l(entry.o)
    0x08000130   0x08000130   0x00000004   Code   RO         8084    .ARM.Collect$$$$00000001  mc_w.l(entry2.o)
    0x08000134   0x08000134   0x00000004   Code   RO         8087    .ARM.Collect$$$$00000004  mc_w.l(entry5.o)
    0x08000138   0x08000138   0x00000000   Code   RO         8089    .ARM.Collect$$$$00000008  mc_w.l(entry7b.o)
    0x08000138   0x08000138   0x00000000   Code   RO         8091    .ARM.Collect$$$$0000000A  mc_w.l(entry8b.o)
    0x08000138   0x08000138   0x00000008   Code   RO         8092    .ARM.Collect$$$$0000000B  mc_w.l(entry9a.o)
    0x08000140   0x08000140   0x00000000   Code   RO         8094    .ARM.Collect$$$$0000000D  mc_w.l(entry10a.o)
    0x08000140   0x08000140   0x00000000   Code   RO         8096    .ARM.Collect$$$$0000000F  mc_w.l(entry11a.o)
    0x08000140   0x08000140   0x00000004   Code   RO         8085    .ARM.Collect$$$$00002712  mc_w.l(entry2.o)
    0x08000144   0x08000144   0x00000024   Code   RO            4    .text               startup_stm32f103xe.o
    0x08000168   0x08000168   0x00000020   Code   RO         7815    .text               mc_w.l(llushr.o)
    0x08000188   0x08000188   0x00000024   Code   RO         7817    .text               mc_w.l(memcpya.o)
    0x080001ac   0x080001ac   0x00000024   Code   RO         7819    .text               mc_w.l(memseta.o)
    0x080001d0   0x080001d0   0x0000002c   Code   RO         8099    .text               mc_w.l(uidiv.o)
    0x080001fc   0x080001fc   0x00000024   Code   RO         8114    .text               mc_w.l(init.o)
    0x08000220   0x08000220   0x00000004   Code   RO         6983    i.BusFault_Handler  stm32f1xx_it.o
    0x08000224   0x08000224   0x0000002c   Code   RO         7088    i.DEBUG_USART_Config  bsp_debug_usart.o
    0x08000250   0x08000250   0x00000002   Code   RO         6984    i.DebugMon_Handler  stm32f1xx_it.o
    0x08000252   0x08000252   0x00000002   Code   RO         6985    i.EXTI0_IRQHandler  stm32f1xx_it.o
    0x08000254   0x08000254   0x00000028   Code   RO         1389    i.FLASH_MassErase   stm32f1xx_hal_flash_ex.o
    0x0800027c   0x0800027c   0x00000028   Code   RO         1398    i.FLASH_PageErase   stm32f1xx_hal_flash_ex.o
    0x080002a4   0x080002a4   0x00000020   Code   RO         1286    i.FLASH_Program_HalfWord  stm32f1xx_hal_flash.o
    0x080002c4   0x080002c4   0x00000084   Code   RO         1287    i.FLASH_SetErrorCode  stm32f1xx_hal_flash.o
    0x08000348   0x08000348   0x00000070   Code   RO         1288    i.FLASH_WaitForLastOperation  stm32f1xx_hal_flash.o
    0x080003b8   0x080003b8   0x00000044   Code   RO         6271    i.FSMC_NORSRAM_Extended_Timing_Init  stm32f1xx_ll_fsmc.o
    0x080003fc   0x080003fc   0x000000a8   Code   RO         6272    i.FSMC_NORSRAM_Init  stm32f1xx_ll_fsmc.o
    0x080004a4   0x080004a4   0x00000042   Code   RO         6273    i.FSMC_NORSRAM_Timing_Init  stm32f1xx_ll_fsmc.o
    0x080004e6   0x080004e6   0x0000001e   Code   RO          219    i.HAL_Delay         stm32f1xx_hal.o
    0x08000504   0x08000504   0x000000b0   Code   RO         1399    i.HAL_FLASHEx_Erase  stm32f1xx_hal_flash_ex.o
    0x080005b4   0x080005b4   0x00000014   Code   RO         1292    i.HAL_FLASH_Lock    stm32f1xx_hal_flash.o
    0x080005c8   0x080005c8   0x000000b0   Code   RO         1297    i.HAL_FLASH_Program  stm32f1xx_hal_flash.o
    0x08000678   0x08000678   0x0000002c   Code   RO         1299    i.HAL_FLASH_Unlock  stm32f1xx_hal_flash.o
    0x080006a4   0x080006a4   0x00000340   Code   RO         1498    i.HAL_GPIO_Init     stm32f1xx_hal_gpio.o
    0x080009e4   0x080009e4   0x00000010   Code   RO         1500    i.HAL_GPIO_ReadPin  stm32f1xx_hal_gpio.o
    0x080009f4   0x080009f4   0x0000000c   Code   RO          223    i.HAL_GetTick       stm32f1xx_hal.o
    0x08000a00   0x08000a00   0x00000010   Code   RO          225    i.HAL_IncTick       stm32f1xx_hal.o
    0x08000a10   0x08000a10   0x00000028   Code   RO          226    i.HAL_Init          stm32f1xx_hal.o
    0x08000a38   0x08000a38   0x00000028   Code   RO          227    i.HAL_InitTick      stm32f1xx_hal.o
    0x08000a60   0x08000a60   0x00000002   Code   RO          229    i.HAL_MspInit       stm32f1xx_hal.o
    0x08000a62   0x08000a62   0x0000007c   Code   RO          789    i.HAL_NVIC_SetPriority  stm32f1xx_hal_cortex.o
    0x08000ade   0x08000ade   0x00000002   PAD
    0x08000ae0   0x08000ae0   0x00000028   Code   RO          790    i.HAL_NVIC_SetPriorityGrouping  stm32f1xx_hal_cortex.o
    0x08000b08   0x08000b08   0x000001a4   Code   RO         3331    i.HAL_RCC_ClockConfig  stm32f1xx_hal_rcc.o
    0x08000cac   0x08000cac   0x0000000c   Code   RO         3336    i.HAL_RCC_GetHCLKFreq  stm32f1xx_hal_rcc.o
    0x08000cb8   0x08000cb8   0x00000020   Code   RO         3338    i.HAL_RCC_GetPCLK1Freq  stm32f1xx_hal_rcc.o
    0x08000cd8   0x08000cd8   0x00000020   Code   RO         3339    i.HAL_RCC_GetPCLK2Freq  stm32f1xx_hal_rcc.o
    0x08000cf8   0x08000cf8   0x00000098   Code   RO         3340    i.HAL_RCC_GetSysClockFreq  stm32f1xx_hal_rcc.o
    0x08000d90   0x08000d90   0x00000440   Code   RO         3343    i.HAL_RCC_OscConfig  stm32f1xx_hal_rcc.o
    0x080011d0   0x080011d0   0x00000058   Code   RO         4628    i.HAL_SRAM_Init     stm32f1xx_hal_sram.o
    0x08001228   0x08001228   0x00000002   Code   RO         4630    i.HAL_SRAM_MspInit  stm32f1xx_hal_sram.o
    0x0800122a   0x0800122a   0x00000034   Code   RO          794    i.HAL_SYSTICK_Config  stm32f1xx_hal_cortex.o
    0x0800125e   0x0800125e   0x00000072   Code   RO         5643    i.HAL_UART_Init     stm32f1xx_hal_uart.o
    0x080012d0   0x080012d0   0x0000008c   Code   RO         7089    i.HAL_UART_MspInit  bsp_debug_usart.o
    0x0800135c   0x0800135c   0x000000de   Code   RO         5646    i.HAL_UART_Receive  stm32f1xx_hal_uart.o
    0x0800143a   0x0800143a   0x000000d6   Code   RO         5651    i.HAL_UART_Transmit  stm32f1xx_hal_uart.o
    0x08001510   0x08001510   0x00000004   Code   RO         6986    i.HardFault_Handler  stm32f1xx_it.o
    0x08001514   0x08001514   0x0000001c   Code   RO         7229    i.ILI9341_BackLed_Control  bsp_ili9341_lcd.o
    0x08001530   0x08001530   0x0000002c   Code   RO         7230    i.ILI9341_Clear     bsp_ili9341_lcd.o
    0x0800155c   0x0800155c   0x00000012   Code   RO         7231    i.ILI9341_Delay     bsp_ili9341_lcd.o
    0x0800156e   0x0800156e   0x00000002   PAD
    0x08001570   0x08001570   0x00000098   Code   RO         7233    i.ILI9341_DispChar_EN  bsp_ili9341_lcd.o
    0x08001608   0x08001608   0x00000068   Code   RO         7237    i.ILI9341_DispString_EN  bsp_ili9341_lcd.o
    0x08001670   0x08001670   0x00000070   Code   RO         7247    i.ILI9341_FSMC_Config  bsp_ili9341_lcd.o
    0x080016e0   0x080016e0   0x00000020   Code   RO         7248    i.ILI9341_FillColor  bsp_ili9341_lcd.o
    0x08001700   0x08001700   0x000000c0   Code   RO         7249    i.ILI9341_GPIO_Config  bsp_ili9341_lcd.o
    0x080017c0   0x080017c0   0x000000e0   Code   RO         7251    i.ILI9341_GramScan  bsp_ili9341_lcd.o
    0x080018a0   0x080018a0   0x00000028   Code   RO         7252    i.ILI9341_Init      bsp_ili9341_lcd.o
    0x080018c8   0x080018c8   0x00000060   Code   RO         7253    i.ILI9341_OpenWindow  bsp_ili9341_lcd.o
    0x08001928   0x08001928   0x00000450   Code   RO         7254    i.ILI9341_REG_Config  bsp_ili9341_lcd.o
    0x08001d78   0x08001d78   0x00000070   Code   RO         7255    i.ILI9341_ReadID    bsp_ili9341_lcd.o
    0x08001de8   0x08001de8   0x0000000c   Code   RO         7482    i.ILI9341_Read_Data  bsp_ili9341_lcd.o
    0x08001df4   0x08001df4   0x00000028   Code   RO         7257    i.ILI9341_Rst       bsp_ili9341_lcd.o
    0x08001e1c   0x08001e1c   0x00000008   Code   RO         7472    i.ILI9341_Write_Cmd  bsp_ili9341_lcd.o
    0x08001e24   0x08001e24   0x0000000c   Code   RO         7477    i.ILI9341_Write_Data  bsp_ili9341_lcd.o
    0x08001e30   0x08001e30   0x0000000c   Code   RO         7264    i.LCD_SetBackColor  bsp_ili9341_lcd.o
    0x08001e3c   0x08001e3c   0x0000000c   Code   RO         7267    i.LCD_SetTextColor  bsp_ili9341_lcd.o
    0x08001e48   0x08001e48   0x000000a0   Code   RO         7064    i.LED_GPIO_Config   bsp_led.o
    0x08001ee8   0x08001ee8   0x00000004   Code   RO         6987    i.MemManage_Handler  stm32f1xx_it.o
    0x08001eec   0x08001eec   0x00000002   Code   RO         6988    i.NMI_Handler       stm32f1xx_it.o
    0x08001eee   0x08001eee   0x00000002   PAD
    0x08001ef0   0x08001ef0   0x00000010   Code   RO          796    i.NVIC_GetPriorityGrouping  stm32f1xx_hal_cortex.o
    0x08001f00   0x08001f00   0x00000028   Code   RO          797    i.NVIC_SetPriority  stm32f1xx_hal_cortex.o
    0x08001f28   0x08001f28   0x00000002   Code   RO         6989    i.PendSV_Handler    stm32f1xx_it.o
    0x08001f2a   0x08001f2a   0x00000002   PAD
    0x08001f2c   0x08001f2c   0x00000028   Code   RO         3344    i.RCC_Delay         stm32f1xx_hal_rcc.o
    0x08001f54   0x08001f54   0x00000002   Code   RO         6990    i.SVC_Handler       stm32f1xx_it.o
    0x08001f56   0x08001f56   0x00000008   Code   RO         6991    i.SysTick_Handler   stm32f1xx_it.o
    0x08001f5e   0x08001f5e   0x00000060   Code   RO         6857    i.SystemClock_Config  main.o
    0x08001fbe   0x08001fbe   0x00000002   PAD
    0x08001fc0   0x08001fc0   0x00000058   Code   RO           14    i.SystemInit        system_stm32f1xx.o
    0x08002018   0x08002018   0x000001c8   Code   RO         5670    i.UART_SetConfig    stm32f1xx_hal_uart.o
    0x080021e0   0x080021e0   0x0000006c   Code   RO         5672    i.UART_WaitOnFlagUntilTimeout  stm32f1xx_hal_uart.o
    0x0800224c   0x0800224c   0x00000004   Code   RO         6992    i.UsageFault_Handler  stm32f1xx_it.o
    0x08002250   0x08002250   0x00000020   Code   RO         7978    i.__0printf$6       mc_w.l(printf6.o)
    0x08002270   0x08002270   0x00000030   Code   RO         7979    i.__0snprintf$6     mc_w.l(printf6.o)
    0x080022a0   0x080022a0   0x0000000e   Code   RO         8124    i.__scatterload_copy  mc_w.l(handlers.o)
    0x080022ae   0x080022ae   0x00000002   Code   RO         8125    i.__scatterload_null  mc_w.l(handlers.o)
    0x080022b0   0x080022b0   0x0000000e   Code   RO         8126    i.__scatterload_zeroinit  mc_w.l(handlers.o)
    0x080022be   0x080022be   0x00000002   PAD
    0x080022c0   0x080022c0   0x000002f0   Code   RO         7985    i._printf_core      mc_w.l(printf6.o)
    0x080025b0   0x080025b0   0x00000024   Code   RO         7986    i._printf_post_padding  mc_w.l(printf6.o)
    0x080025d4   0x080025d4   0x0000002e   Code   RO         7987    i._printf_pre_padding  mc_w.l(printf6.o)
    0x08002602   0x08002602   0x00000016   Code   RO         7988    i._snputc           mc_w.l(printf6.o)
    0x08002618   0x08002618   0x0000002e   Code   RO         7631    i.attach_instruction_view  vm_core.o
    0x08002646   0x08002646   0x00000002   PAD
    0x08002648   0x08002648   0x00000070   Code   RO         7746    i.bootloader_load_program_from_flash  bootloader_hbc.o
    0x080026b8   0x080026b8   0x00000118   Code   RO         7747    i.bootloader_try_uart_update  bootloader_hbc.o
    0x080027d0   0x080027d0   0x00000012   Code   RO         7632    i.check_reg         vm_core.o
    0x080027e2   0x080027e2   0x0000001a   Code   RO         7633    i.clear_state       vm_core.o
    0x080027fc   0x080027fc   0x00000026   Code   RO         7748    i.crc32_calc        bootloader_hbc.o
    0x08002822   0x08002822   0x00000002   PAD
    0x08002824   0x08002824   0x00000024   Code   RO         7749    i.crc32_update      bootloader_hbc.o
    0x08002848   0x08002848   0x000000c8   Code   RO         7750    i.flash_store_payload  bootloader_hbc.o
    0x08002910   0x08002910   0x00000052   Code   RO         7751    i.flash_write_words  bootloader_hbc.o
    0x08002962   0x08002962   0x00000002   PAD
    0x08002964   0x08002964   0x0000001c   Code   RO         7092    i.fputc             bsp_debug_usart.o
    0x08002980   0x08002980   0x0000000c   Code   RO         6858    i.hal_delay_ms      main.o
    0x0800298c   0x0800298c   0x00000064   Code   RO         6859    i.hal_init          main.o
    0x080029f0   0x080029f0   0x00000018   Code   RO         6860    i.hal_key1_read     main.o
    0x08002a08   0x08002a08   0x0000001c   Code   RO         6861    i.hal_key2_read     main.o
    0x08002a24   0x08002a24   0x00000018   Code   RO         6863    i.hal_led_write     main.o
    0x08002a3c   0x08002a3c   0x0000004c   Code   RO         6864    i.hal_log_int       main.o
    0x08002a88   0x08002a88   0x00000008   Code   RO         6865    i.hal_millis        main.o
    0x08002a90   0x08002a90   0x00000012   Code   RO         7634    i.is_mode_valid     vm_core.o
    0x08002aa2   0x08002aa2   0x00000010   Code   RO         7635    i.is_program_header_valid  vm_core.o
    0x08002ab2   0x08002ab2   0x00000002   PAD
    0x08002ab4   0x08002ab4   0x0000007c   Code   RO         6866    i.key_gpio_init     main.o
    0x08002b30   0x08002b30   0x00000030   Code   RO         6867    i.lcd_clear_line    main.o
    0x08002b60   0x08002b60   0x0000005c   Code   RO         6868    i.lcd_log_line      main.o
    0x08002bbc   0x08002bbc   0x00000164   Code   RO         6869    i.main              main.o
    0x08002d20   0x08002d20   0x0000008e   Code   RO         7636    i.parse_header      vm_core.o
    0x08002dae   0x08002dae   0x000000a6   Code   RO         7637    i.parse_symbols     vm_core.o
    0x08002e54   0x08002e54   0x00000024   Code   RO         7638    i.read_binary_side  vm_core.o
    0x08002e78   0x08002e78   0x00000018   Code   RO         7639    i.read_i32          vm_core.o
    0x08002e90   0x08002e90   0x00000056   Code   RO         7640    i.read_instruction  vm_core.o
    0x08002ee6   0x08002ee6   0x0000000c   Code   RO         7641    i.read_u16          vm_core.o
    0x08002ef2   0x08002ef2   0x00000018   Code   RO         7752    i.read_u32_le       bootloader_hbc.o
    0x08002f0a   0x08002f0a   0x0000002a   Code   RO         7642    i.read_value        vm_core.o
    0x08002f34   0x08002f34   0x00000024   Code   RO         7753    i.uart_read_byte    bootloader_hbc.o
    0x08002f58   0x08002f58   0x00000194   Code   RO         7643    i.validate_instruction_format  vm_core.o
    0x080030ec   0x080030ec   0x00000056   Code   RO         7644    i.validate_jump_targets  vm_core.o
    0x08003142   0x08003142   0x00000028   Code   RO         7645    i.vm_init           vm_core.o
    0x0800316a   0x0800316a   0x00000076   Code   RO         7646    i.vm_load_program   vm_core.o
    0x080031e0   0x080031e0   0x00000378   Code   RO         7647    i.vm_run            vm_core.o
    0x08003558   0x08003558   0x00000018   Data   RO           15    .constdata          system_stm32f1xx.o
    0x08003570   0x08003570   0x00003b78   Data   RO         7196    .constdata          fonts.o
    0x080070e8   0x080070e8   0x00000124   Data   RO         7731    .constdata          vm_program_data.o
    0x0800720c   0x0800720c   0x00000020   Data   RO         8122    Region$$Table       anon$$obj.o


    Execution Region RW_IRAM1 (Exec base: 0x20000000, Load base: 0x0800722c, Size: 0x0000f7e0, Max: 0x00010000, ABSOLUTE)

    Exec Addr    Load Addr    Size         Type   Attr      Idx    E Section Name        Object

    0x20000000   0x0800722c   0x00000004   Data   RW           16    .data               system_stm32f1xx.o
    0x20000004   0x08007230   0x00000004   Data   RW          232    .data               stm32f1xx_hal.o
    0x20000008   0x08007234   0x00000002   Data   RW         6870    .data               main.o
    0x2000000a   0x08007236   0x00000002   PAD
    0x2000000c   0x08007238   0x00000010   Data   RW         7269    .data               bsp_ili9341_lcd.o
    0x2000001c   0x08007248   0x00000004   Data   RW         8098    .data               mc_w.l(stdout.o)
    0x20000020        -       0x00000020   Zero   RW         1300    .bss                stm32f1xx_hal_flash.o
    0x20000040        -       0x00000040   Zero   RW         7093    .bss                bsp_debug_usart.o
    0x20000080        -       0x00000360   Zero   RW         7268    .bss                bsp_ili9341_lcd.o
    0x200003e0        -       0x0000f000   Zero   RW         7754    .bss                bootloader_hbc.o
    0x2000f3e0        -       0x00000400   Zero   RW            1    STACK               startup_stm32f103xe.o


==============================================================================

Image component sizes


      Code (inc. data)   RO Data    RW Data    ZI Data      Debug   Object Name

       808         42          0          0      61440       7894   bootloader_hbc.o
       212         22          0          0         64       2505   bsp_debug_usart.o
      2354        132          0         16        864      14095   bsp_ili9341_lcd.o
       160         10          0          0          0       1010   bsp_led.o
         0          0      15224          0          0       1593   fonts.o
       988        214          0          2          0      10892   main.o
        36          8        304          0       1024        948   startup_stm32f103xe.o
       140         20          0          4          0       4433   stm32f1xx_hal.o
       272         22          0          0          0      25810   stm32f1xx_hal_cortex.o
       516         50          0          0         32       4422   stm32f1xx_hal_flash.o
       256         26          0          0          0       2703   stm32f1xx_hal_flash_ex.o
       848         42          0          0          0       2807   stm32f1xx_hal_gpio.o
      1776        110          0          0          0       6248   stm32f1xx_hal_rcc.o
        90          0          0          0          0       1827   stm32f1xx_hal_sram.o
      1114          6          0          0          0       4755   stm32f1xx_hal_uart.o
        34          0          0          0          0       4609   stm32f1xx_it.o
       302         10          0          0          0       2687   stm32f1xx_ll_fsmc.o
        88         18         24          4          0     470971   system_stm32f1xx.o
      2168         28          0          0          0      13337   vm_core.o
         0          0        292          0          0        765   vm_program_data.o

    ----------------------------------------------------------------------
     12180        760      15876         28      63424     584311   Object Totals
         0          0         32          0          0          0   (incl. Generated)
        18          0          0          2          0          0   (incl. Padding)

    ----------------------------------------------------------------------

      Code (inc. data)   RO Data    RW Data    ZI Data      Debug   Library Member Name

         0          0          0          0          0          0   entry.o
         0          0          0          0          0          0   entry10a.o
         0          0          0          0          0          0   entry11a.o
         8          4          0          0          0          0   entry2.o
         4          0          0          0          0          0   entry5.o
         0          0          0          0          0          0   entry7b.o
         0          0          0          0          0          0   entry8b.o
         8          4          0          0          0          0   entry9a.o
        30          0          0          0          0          0   handlers.o
        36          8          0          0          0         68   init.o
        32          0          0          0          0         68   llushr.o
        36          0          0          0          0         68   memcpya.o
        36          0          0          0          0        108   memseta.o
       936         18          0          0          0        504   printf6.o
         0          0          0          4          0          0   stdout.o
        44          0          0          0          0         80   uidiv.o

    ----------------------------------------------------------------------
      1172         34          0          4          0        896   Library Totals
         2          0          0          0          0          0   (incl. Padding)

    ----------------------------------------------------------------------

      Code (inc. data)   RO Data    RW Data    ZI Data      Debug   Library Name

      1170         34          0          4          0        896   mc_w.l

    ----------------------------------------------------------------------
      1172         34          0          4          0        896   Library Totals

    ----------------------------------------------------------------------

==============================================================================


      Code (inc. data)   RO Data    RW Data    ZI Data      Debug   

     13352        794      15876         32      63424     579431   Grand Totals
     13352        794      15876         32      63424     579431   ELF Image Totals
     13352        794      15876         32          0          0   ROM Totals

==============================================================================

    Total RO  Size (Code + RO Data)                29228 (  28.54kB)
    Total RW  Size (RW Data + ZI Data)             63456 (  61.97kB)
    Total ROM Size (Code + RO Data + RW Data)      29260 (  28.57kB)

==============================================================================

